Archive member included because of file (symbol)

e:/imt/tools/imt_sdk_win_64/winavr/bin/../lib/gcc/avr/4.3.3/avr5\libgcc.a(_mulsi3.o)
                              ./MCAL/TIMER0/TIMER0.o (__mulsi3)
e:/imt/tools/imt_sdk_win_64/winavr/bin/../lib/gcc/avr/4.3.3/avr5\libgcc.a(_udivmodqi4.o)
                              ./HAL/LCD/LCD.o (__udivmodqi4)
e:/imt/tools/imt_sdk_win_64/winavr/bin/../lib/gcc/avr/4.3.3/avr5\libgcc.a(_udivmodhi4.o)
                              ./MCAL/ICU/ICU.o (__udivmodhi4)
e:/imt/tools/imt_sdk_win_64/winavr/bin/../lib/gcc/avr/4.3.3/avr5\libgcc.a(_udivmodsi4.o)
                              ./MCAL/TIMER1/TIMER1.o (__udivmodsi4)
e:/imt/tools/imt_sdk_win_64/winavr/bin/../lib/gcc/avr/4.3.3/avr5\libgcc.a(_exit.o)
                              e:/imt/tools/imt_sdk_win_64/winavr/bin/../lib/gcc/avr/4.3.3/../../../../avr/lib/avr5/crtm32.o (exit)
e:/imt/tools/imt_sdk_win_64/winavr/bin/../lib/gcc/avr/4.3.3/avr5\libgcc.a(_copy_data.o)
                              ./HAL/KEYPAD/KEYPAD.o (__do_copy_data)
e:/imt/tools/imt_sdk_win_64/winavr/bin/../lib/gcc/avr/4.3.3/avr5\libgcc.a(_clear_bss.o)
                              ./RTOS/RTOS.o (__do_clear_bss)
e:/imt/tools/imt_sdk_win_64/winavr/bin/../lib/gcc/avr/4.3.3/avr5\libgcc.a(_fixunssfsi.o)
                              ./MCAL/TIMER1/TIMER1.o (__fixunssfsi)
e:/imt/tools/imt_sdk_win_64/winavr/bin/../lib/gcc/avr/4.3.3/avr5\libgcc.a(_addsub_sf.o)
                              ./HAL/LCD/LCD.o (__subsf3)
e:/imt/tools/imt_sdk_win_64/winavr/bin/../lib/gcc/avr/4.3.3/avr5\libgcc.a(_mul_sf.o)
                              ./MCAL/TIMER1/TIMER1.o (__mulsf3)
e:/imt/tools/imt_sdk_win_64/winavr/bin/../lib/gcc/avr/4.3.3/avr5\libgcc.a(_div_sf.o)
                              ./MCAL/TIMER1/TIMER1.o (__divsf3)
e:/imt/tools/imt_sdk_win_64/winavr/bin/../lib/gcc/avr/4.3.3/avr5\libgcc.a(_gt_sf.o)
                              ./HAL/STEPPER_MOTOR/STEPPER_MOTOR.o (__gtsf2)
e:/imt/tools/imt_sdk_win_64/winavr/bin/../lib/gcc/avr/4.3.3/avr5\libgcc.a(_ge_sf.o)
                              e:/imt/tools/imt_sdk_win_64/winavr/bin/../lib/gcc/avr/4.3.3/avr5\libgcc.a(_fixunssfsi.o) (__gesf2)
e:/imt/tools/imt_sdk_win_64/winavr/bin/../lib/gcc/avr/4.3.3/avr5\libgcc.a(_lt_sf.o)
                              ./HAL/STEPPER_MOTOR/STEPPER_MOTOR.o (__ltsf2)
e:/imt/tools/imt_sdk_win_64/winavr/bin/../lib/gcc/avr/4.3.3/avr5\libgcc.a(_si_to_sf.o)
                              ./MCAL/TIMER1/TIMER1.o (__floatsisf)
e:/imt/tools/imt_sdk_win_64/winavr/bin/../lib/gcc/avr/4.3.3/avr5\libgcc.a(_sf_to_si.o)
                              e:/imt/tools/imt_sdk_win_64/winavr/bin/../lib/gcc/avr/4.3.3/avr5\libgcc.a(_fixunssfsi.o) (__fixsfsi)
e:/imt/tools/imt_sdk_win_64/winavr/bin/../lib/gcc/avr/4.3.3/avr5\libgcc.a(_thenan_sf.o)
                              e:/imt/tools/imt_sdk_win_64/winavr/bin/../lib/gcc/avr/4.3.3/avr5\libgcc.a(_addsub_sf.o) (__thenan_sf)
e:/imt/tools/imt_sdk_win_64/winavr/bin/../lib/gcc/avr/4.3.3/avr5\libgcc.a(_usi_to_sf.o)
                              ./MCAL/TIMER1/TIMER1.o (__floatunsisf)
e:/imt/tools/imt_sdk_win_64/winavr/bin/../lib/gcc/avr/4.3.3/avr5\libgcc.a(_prologue.o)
                              e:/imt/tools/imt_sdk_win_64/winavr/bin/../lib/gcc/avr/4.3.3/avr5\libgcc.a(_addsub_sf.o) (__prologue_saves__)
e:/imt/tools/imt_sdk_win_64/winavr/bin/../lib/gcc/avr/4.3.3/avr5\libgcc.a(_epilogue.o)
                              e:/imt/tools/imt_sdk_win_64/winavr/bin/../lib/gcc/avr/4.3.3/avr5\libgcc.a(_addsub_sf.o) (__epilogue_restores__)
e:/imt/tools/imt_sdk_win_64/winavr/bin/../lib/gcc/avr/4.3.3/avr5\libgcc.a(_clzsi2.o)
                              e:/imt/tools/imt_sdk_win_64/winavr/bin/../lib/gcc/avr/4.3.3/avr5\libgcc.a(_si_to_sf.o) (__clzsi2)
e:/imt/tools/imt_sdk_win_64/winavr/bin/../lib/gcc/avr/4.3.3/avr5\libgcc.a(_pack_sf.o)
                              e:/imt/tools/imt_sdk_win_64/winavr/bin/../lib/gcc/avr/4.3.3/avr5\libgcc.a(_addsub_sf.o) (__pack_f)
e:/imt/tools/imt_sdk_win_64/winavr/bin/../lib/gcc/avr/4.3.3/avr5\libgcc.a(_unpack_sf.o)
                              e:/imt/tools/imt_sdk_win_64/winavr/bin/../lib/gcc/avr/4.3.3/avr5\libgcc.a(_addsub_sf.o) (__unpack_f)
e:/imt/tools/imt_sdk_win_64/winavr/bin/../lib/gcc/avr/4.3.3/avr5\libgcc.a(_fpcmp_parts_sf.o)
                              e:/imt/tools/imt_sdk_win_64/winavr/bin/../lib/gcc/avr/4.3.3/avr5\libgcc.a(_gt_sf.o) (__fpcmp_parts_f)
e:/imt/tools/imt_sdk_win_64/winavr/bin/../lib/gcc/avr/4.3.3/avr5\libgcc.a(_clz.o)
                              e:/imt/tools/imt_sdk_win_64/winavr/bin/../lib/gcc/avr/4.3.3/avr5\libgcc.a(_clzsi2.o) (__clz_tab)

Allocating common symbols
Common symbol       size              file

TIMER0_CALL_BACK_PF
                    0x2               ./MCAL/TIMER0/TIMER0.o
ArrOfTasks          0x1c              ./RTOS/RTOS.o

Memory Configuration

Name             Origin             Length             Attributes
text             0x00000000         0x00020000         xr
data             0x00800060         0x0000ffa0         rw !x
eeprom           0x00810000         0x00010000         rw !x
fuse             0x00820000         0x00000400         rw !x
lock             0x00830000         0x00000400         rw !x
signature        0x00840000         0x00000400         rw !x
*default*        0x00000000         0xffffffff

Linker script and memory map

LOAD e:/imt/tools/imt_sdk_win_64/winavr/bin/../lib/gcc/avr/4.3.3/../../../../avr/lib/avr5/crtm32.o
LOAD ./RTOS/RTOS.o
LOAD ./MCAL/WDT/WDT.o
LOAD ./MCAL/UART/UART.o
LOAD ./MCAL/TWI/TWI.o
LOAD ./MCAL/TIMER2/TIMER2.o
LOAD ./MCAL/TIMER1/TIMER1.o
LOAD ./MCAL/TIMER0/TIMER0.o
LOAD ./MCAL/SPI/SPI.o
LOAD ./MCAL/ICU/ICU.o
LOAD ./MCAL/GI/GI.o
LOAD ./MCAL/EXT_INT/EXT_INT.o
LOAD ./MCAL/DIO/DIO_Program.o
LOAD ./MCAL/ADC/ADC.o
LOAD ./HAL/TEMP_SENSOR/TEMP_SENSOR.o
LOAD ./HAL/SWITCH/SWITCH.o
LOAD ./HAL/STEPPER_MOTOR/STEPPER_MOTOR.o
LOAD ./HAL/SEV_SEG/SEV_SEG.o
LOAD ./HAL/LED/LED.o
LOAD ./HAL/LDR/LDR.o
LOAD ./HAL/LCD/LCD.o
LOAD ./HAL/KEYPAD/KEYPAD.o
LOAD ./HAL/EEPROM/EEPROM.o
LOAD ./HAL/DC_MOTOR/DC_MOTOR.o
LOAD ./APP/Simple_Calculator/Simple_Calculator.o
LOAD ./APP/Name_Wave/Name_Wave.o
LOAD ./APP/LED_Animations/LED_Animations.o
LOAD ./APP/DC_MOTOR_Rotaions/DC_MOTOR_Rotaions.o
LOAD ./main.o
LOAD e:/imt/tools/imt_sdk_win_64/winavr/bin/../lib/gcc/avr/4.3.3/avr5\libgcc.a
LOAD e:/imt/tools/imt_sdk_win_64/winavr/bin/../lib/gcc/avr/4.3.3/../../../../avr/lib/avr5\libc.a
LOAD e:/imt/tools/imt_sdk_win_64/winavr/bin/../lib/gcc/avr/4.3.3/avr5\libgcc.a

.hash
 *(.hash)

.dynsym
 *(.dynsym)

.dynstr
 *(.dynstr)

.gnu.version
 *(.gnu.version)

.gnu.version_d
 *(.gnu.version_d)

.gnu.version_r
 *(.gnu.version_r)

.rel.init
 *(.rel.init)

.rela.init
 *(.rela.init)

.rel.text
 *(.rel.text)
 *(.rel.text.*)
 *(.rel.gnu.linkonce.t*)

.rela.text
 *(.rela.text)
 *(.rela.text.*)
 *(.rela.gnu.linkonce.t*)

.rel.fini
 *(.rel.fini)

.rela.fini
 *(.rela.fini)

.rel.rodata
 *(.rel.rodata)
 *(.rel.rodata.*)
 *(.rel.gnu.linkonce.r*)

.rela.rodata
 *(.rela.rodata)
 *(.rela.rodata.*)
 *(.rela.gnu.linkonce.r*)

.rel.data
 *(.rel.data)
 *(.rel.data.*)
 *(.rel.gnu.linkonce.d*)

.rela.data
 *(.rela.data)
 *(.rela.data.*)
 *(.rela.gnu.linkonce.d*)

.rel.ctors
 *(.rel.ctors)

.rela.ctors
 *(.rela.ctors)

.rel.dtors
 *(.rel.dtors)

.rela.dtors
 *(.rela.dtors)

.rel.got
 *(.rel.got)

.rela.got
 *(.rela.got)

.rel.bss
 *(.rel.bss)

.rela.bss
 *(.rela.bss)

.rel.plt
 *(.rel.plt)

.rela.plt
 *(.rela.plt)

.text           0x00000000     0xb1c2
 *(.vectors)
 .vectors       0x00000000       0x54 e:/imt/tools/imt_sdk_win_64/winavr/bin/../lib/gcc/avr/4.3.3/../../../../avr/lib/avr5/crtm32.o
                0x00000000                __vectors
                0x00000000                __vector_default
 *(.vectors)
 *(.progmem.gcc*)
 *(.progmem*)
                0x00000054                . = ALIGN (0x2)
                0x00000054                __trampolines_start = .
 *(.trampolines)
 .trampolines   0x00000054        0x0 linker stubs
 *(.trampolines*)
                0x00000054                __trampolines_end = .
 *(.jumptables)
 *(.jumptables*)
 *(.lowtext)
 *(.lowtext*)
                0x00000054                __ctors_start = .
 *(.ctors)
                0x00000054                __ctors_end = .
                0x00000054                __dtors_start = .
 *(.dtors)
                0x00000054                __dtors_end = .
 SORT(*)(.ctors)
 SORT(*)(.dtors)
 *(.init0)
 .init0         0x00000054        0x0 e:/imt/tools/imt_sdk_win_64/winavr/bin/../lib/gcc/avr/4.3.3/../../../../avr/lib/avr5/crtm32.o
                0x00000054                __init
 *(.init0)
 *(.init1)
 *(.init1)
 *(.init2)
 .init2         0x00000054        0xc e:/imt/tools/imt_sdk_win_64/winavr/bin/../lib/gcc/avr/4.3.3/../../../../avr/lib/avr5/crtm32.o
 *(.init2)
 *(.init3)
 *(.init3)
 *(.init4)
 .init4         0x00000060       0x16 e:/imt/tools/imt_sdk_win_64/winavr/bin/../lib/gcc/avr/4.3.3/avr5\libgcc.a(_copy_data.o)
                0x00000060                __do_copy_data
 .init4         0x00000076       0x10 e:/imt/tools/imt_sdk_win_64/winavr/bin/../lib/gcc/avr/4.3.3/avr5\libgcc.a(_clear_bss.o)
                0x00000076                __do_clear_bss
 *(.init4)
 *(.init5)
 *(.init5)
 *(.init6)
 *(.init6)
 *(.init7)
 *(.init7)
 *(.init8)
 *(.init8)
 *(.init9)
 .init9         0x00000086        0x8 e:/imt/tools/imt_sdk_win_64/winavr/bin/../lib/gcc/avr/4.3.3/../../../../avr/lib/avr5/crtm32.o
 *(.init9)
 *(.text)
 .text          0x0000008e        0x4 e:/imt/tools/imt_sdk_win_64/winavr/bin/../lib/gcc/avr/4.3.3/../../../../avr/lib/avr5/crtm32.o
                0x0000008e                __vector_12
                0x0000008e                __bad_interrupt
                0x0000008e                __vector_13
                0x0000008e                __vector_17
                0x0000008e                __vector_19
                0x0000008e                __vector_7
                0x0000008e                __vector_5
                0x0000008e                __vector_4
                0x0000008e                __vector_9
                0x0000008e                __vector_15
                0x0000008e                __vector_8
                0x0000008e                __vector_14
                0x0000008e                __vector_16
                0x0000008e                __vector_18
                0x0000008e                __vector_20
 .text          0x00000092        0x0 ./RTOS/RTOS.o
 .text          0x00000092        0x0 ./MCAL/WDT/WDT.o
 .text          0x00000092        0x0 ./MCAL/UART/UART.o
 .text          0x00000092        0x0 ./MCAL/TWI/TWI.o
 .text          0x00000092        0x0 ./MCAL/TIMER2/TIMER2.o
 .text          0x00000092        0x0 ./MCAL/TIMER1/TIMER1.o
 .text          0x00000092        0x0 ./MCAL/TIMER0/TIMER0.o
 .text          0x00000092        0x0 ./MCAL/SPI/SPI.o
 .text          0x00000092        0x0 ./MCAL/ICU/ICU.o
 .text          0x00000092        0x0 ./MCAL/GI/GI.o
 .text          0x00000092        0x0 ./MCAL/EXT_INT/EXT_INT.o
 .text          0x00000092        0x0 ./MCAL/DIO/DIO_Program.o
 .text          0x00000092        0x0 ./MCAL/ADC/ADC.o
 .text          0x00000092        0x0 ./HAL/TEMP_SENSOR/TEMP_SENSOR.o
 .text          0x00000092        0x0 ./HAL/SWITCH/SWITCH.o
 .text          0x00000092        0x0 ./HAL/STEPPER_MOTOR/STEPPER_MOTOR.o
 .text          0x00000092        0x0 ./HAL/SEV_SEG/SEV_SEG.o
 .text          0x00000092        0x0 ./HAL/LED/LED.o
 .text          0x00000092        0x0 ./HAL/LDR/LDR.o
 .text          0x00000092        0x0 ./HAL/LCD/LCD.o
 .text          0x00000092        0x0 ./HAL/KEYPAD/KEYPAD.o
 .text          0x00000092        0x0 ./HAL/EEPROM/EEPROM.o
 .text          0x00000092        0x0 ./HAL/DC_MOTOR/DC_MOTOR.o
 .text          0x00000092        0x0 ./APP/Simple_Calculator/Simple_Calculator.o
 .text          0x00000092        0x0 ./APP/Name_Wave/Name_Wave.o
 .text          0x00000092        0x0 ./APP/LED_Animations/LED_Animations.o
 .text          0x00000092        0x0 ./APP/DC_MOTOR_Rotaions/DC_MOTOR_Rotaions.o
 .text          0x00000092        0x0 ./main.o
 .text          0x00000092        0x0 e:/imt/tools/imt_sdk_win_64/winavr/bin/../lib/gcc/avr/4.3.3/avr5\libgcc.a(_mulsi3.o)
 .text          0x00000092        0x0 e:/imt/tools/imt_sdk_win_64/winavr/bin/../lib/gcc/avr/4.3.3/avr5\libgcc.a(_udivmodqi4.o)
 .text          0x00000092        0x0 e:/imt/tools/imt_sdk_win_64/winavr/bin/../lib/gcc/avr/4.3.3/avr5\libgcc.a(_udivmodhi4.o)
 .text          0x00000092        0x0 e:/imt/tools/imt_sdk_win_64/winavr/bin/../lib/gcc/avr/4.3.3/avr5\libgcc.a(_udivmodsi4.o)
 .text          0x00000092        0x0 e:/imt/tools/imt_sdk_win_64/winavr/bin/../lib/gcc/avr/4.3.3/avr5\libgcc.a(_exit.o)
 .text          0x00000092        0x0 e:/imt/tools/imt_sdk_win_64/winavr/bin/../lib/gcc/avr/4.3.3/avr5\libgcc.a(_copy_data.o)
 .text          0x00000092        0x0 e:/imt/tools/imt_sdk_win_64/winavr/bin/../lib/gcc/avr/4.3.3/avr5\libgcc.a(_clear_bss.o)
 .text          0x00000092       0x58 e:/imt/tools/imt_sdk_win_64/winavr/bin/../lib/gcc/avr/4.3.3/avr5\libgcc.a(_fixunssfsi.o)
                0x00000092                __fixunssfsi
 .text          0x000000ea      0x354 e:/imt/tools/imt_sdk_win_64/winavr/bin/../lib/gcc/avr/4.3.3/avr5\libgcc.a(_addsub_sf.o)
                0x00000382                __subsf3
                0x000003e4                __addsf3
 .text          0x0000043e      0x1f4 e:/imt/tools/imt_sdk_win_64/winavr/bin/../lib/gcc/avr/4.3.3/avr5\libgcc.a(_mul_sf.o)
                0x0000043e                __mulsf3
 .text          0x00000632      0x158 e:/imt/tools/imt_sdk_win_64/winavr/bin/../lib/gcc/avr/4.3.3/avr5\libgcc.a(_div_sf.o)
                0x00000632                __divsf3
 .text          0x0000078a       0x60 e:/imt/tools/imt_sdk_win_64/winavr/bin/../lib/gcc/avr/4.3.3/avr5\libgcc.a(_gt_sf.o)
                0x0000078a                __gtsf2
 .text          0x000007ea       0x60 e:/imt/tools/imt_sdk_win_64/winavr/bin/../lib/gcc/avr/4.3.3/avr5\libgcc.a(_ge_sf.o)
                0x000007ea                __gesf2
 .text          0x0000084a       0x60 e:/imt/tools/imt_sdk_win_64/winavr/bin/../lib/gcc/avr/4.3.3/avr5\libgcc.a(_lt_sf.o)
                0x0000084a                __ltsf2
 .text          0x000008aa       0xbc e:/imt/tools/imt_sdk_win_64/winavr/bin/../lib/gcc/avr/4.3.3/avr5\libgcc.a(_si_to_sf.o)
                0x000008aa                __floatsisf
 .text          0x00000966       0xa8 e:/imt/tools/imt_sdk_win_64/winavr/bin/../lib/gcc/avr/4.3.3/avr5\libgcc.a(_sf_to_si.o)
                0x00000966                __fixsfsi
 .text          0x00000a0e        0x0 e:/imt/tools/imt_sdk_win_64/winavr/bin/../lib/gcc/avr/4.3.3/avr5\libgcc.a(_thenan_sf.o)
 .text          0x00000a0e       0xf2 e:/imt/tools/imt_sdk_win_64/winavr/bin/../lib/gcc/avr/4.3.3/avr5\libgcc.a(_usi_to_sf.o)
                0x00000a0e                __floatunsisf
 .text          0x00000b00        0x0 e:/imt/tools/imt_sdk_win_64/winavr/bin/../lib/gcc/avr/4.3.3/avr5\libgcc.a(_prologue.o)
 .text          0x00000b00        0x0 e:/imt/tools/imt_sdk_win_64/winavr/bin/../lib/gcc/avr/4.3.3/avr5\libgcc.a(_epilogue.o)
 .text          0x00000b00       0x9e e:/imt/tools/imt_sdk_win_64/winavr/bin/../lib/gcc/avr/4.3.3/avr5\libgcc.a(_clzsi2.o)
                0x00000b00                __clzsi2
 .text          0x00000b9e      0x1aa e:/imt/tools/imt_sdk_win_64/winavr/bin/../lib/gcc/avr/4.3.3/avr5\libgcc.a(_pack_sf.o)
                0x00000b9e                __pack_f
 .text          0x00000d48       0xf0 e:/imt/tools/imt_sdk_win_64/winavr/bin/../lib/gcc/avr/4.3.3/avr5\libgcc.a(_unpack_sf.o)
                0x00000d48                __unpack_f
 .text          0x00000e38       0xb2 e:/imt/tools/imt_sdk_win_64/winavr/bin/../lib/gcc/avr/4.3.3/avr5\libgcc.a(_fpcmp_parts_sf.o)
                0x00000e38                __fpcmp_parts_f
 .text          0x00000eea        0x0 e:/imt/tools/imt_sdk_win_64/winavr/bin/../lib/gcc/avr/4.3.3/avr5\libgcc.a(_clz.o)
                0x00000eea                . = ALIGN (0x2)
 *(.text.*)
 .text.RTOS_Init
                0x00000eea       0x2e ./RTOS/RTOS.o
                0x00000eea                RTOS_Init
 .text.RTOS_CreateTask
                0x00000f18       0xac ./RTOS/RTOS.o
                0x00000f18                RTOS_CreateTask
 .text.RTOS_SchedulerStart
                0x00000fc4      0x106 ./RTOS/RTOS.o
                0x00000fc4                RTOS_SchedulerStart
 .text.WDT_Start
                0x000010ca       0x1c ./MCAL/WDT/WDT.o
                0x000010ca                WDT_Start
 .text.WDT_Clear
                0x000010e6       0x10 ./MCAL/WDT/WDT.o
                0x000010e6                WDT_Clear
 .text.WDT_SetTimeOut
                0x000010f6      0x1ea ./MCAL/WDT/WDT.o
                0x000010f6                WDT_SetTimeOut
 .text.UART_Init
                0x000012e0       0xa2 ./MCAL/UART/UART.o
                0x000012e0                UART_Init
 .text.UART_Transmit
                0x00001382       0x4e ./MCAL/UART/UART.o
                0x00001382                UART_Transmit
 .text.UART_Receive
                0x000013d0       0x1e ./MCAL/UART/UART.o
                0x000013d0                UART_Receive
 .text.TWI_MasterInit
                0x000013ee       0x32 ./MCAL/TWI/TWI.o
                0x000013ee                TWI_MasterInit
 .text.TWI_SlaveInit
                0x00001420       0x3a ./MCAL/TWI/TWI.o
                0x00001420                TWI_SlaveInit
 .text.TWI_StartCondition
                0x0000145a       0x48 ./MCAL/TWI/TWI.o
                0x0000145a                TWI_StartCondition
 .text.TWI_StopCondition
                0x000014a2       0x2a ./MCAL/TWI/TWI.o
                0x000014a2                TWI_StopCondition
 .text.TWI_SendSlaveAddressWithWrite
                0x000014cc       0x58 ./MCAL/TWI/TWI.o
                0x000014cc                TWI_SendSlaveAddressWithWrite
 .text.TWI_SendSlaveAddressWithRead
                0x00001524       0x58 ./MCAL/TWI/TWI.o
                0x00001524                TWI_SendSlaveAddressWithRead
 .text.TWI_MasterWriteData
                0x0000157c       0x48 ./MCAL/TWI/TWI.o
                0x0000157c                TWI_MasterWriteData
 .text.TWI_MasterReadData
                0x000015c4       0x40 ./MCAL/TWI/TWI.o
                0x000015c4                TWI_MasterReadData
 .text.TWI_RepeatedStartCondition
                0x00001604       0x48 ./MCAL/TWI/TWI.o
                0x00001604                TWI_RepeatedStartCondition
 .text.TWI_ReadStatusCode
                0x0000164c       0xfa ./MCAL/TWI/TWI.o
                0x0000164c                TWI_ReadStatusCode
 .text.TIMER2_Init
                0x00001746       0x3c ./MCAL/TIMER2/TIMER2.o
                0x00001746                TIMER2_Init
 .text.TIMER2_Start
                0x00001782      0x172 ./MCAL/TIMER2/TIMER2.o
                0x00001782                TIMER2_Start
 .text.PWM1_Init
                0x000018f4       0x62 ./MCAL/TIMER1/TIMER1.o
                0x000018f4                PWM1_Init
 .text.PWM1_SetDutyCycle
                0x00001956       0xb4 ./MCAL/TIMER1/TIMER1.o
                0x00001956                PWM1_SetDutyCycle
 .text.PWM1_SetFrequency
                0x00001a0a       0x5c ./MCAL/TIMER1/TIMER1.o
                0x00001a0a                PWM1_SetFrequency
 .text.PWM1_Start
                0x00001a66       0x38 ./MCAL/TIMER1/TIMER1.o
                0x00001a66                PWM1_Start
 .text.PWM1_Stop
                0x00001a9e       0x38 ./MCAL/TIMER1/TIMER1.o
                0x00001a9e                PWM1_Stop
 .text.TIMER0_Init
                0x00001ad6       0x3c ./MCAL/TIMER0/TIMER0.o
                0x00001ad6                TIMER0_Init
 .text.TIMER0_Start
                0x00001b12      0x172 ./MCAL/TIMER0/TIMER0.o
                0x00001b12                TIMER0_Start
 .text.TIMER0_Stop
                0x00001c84       0x38 ./MCAL/TIMER0/TIMER0.o
                0x00001c84                TIMER0_Stop
 .text.TIMER0_SetTime
                0x00001cbc      0x1a6 ./MCAL/TIMER0/TIMER0.o
                0x00001cbc                TIMER0_SetTime
 .text.TIMER0_Set_OC0_Pin
                0x00001e62       0xb8 ./MCAL/TIMER0/TIMER0.o
                0x00001e62                TIMER0_Set_OC0_Pin
 .text.TIMER0_Set_CTC
                0x00001f1a       0x1c ./MCAL/TIMER0/TIMER0.o
                0x00001f1a                TIMER0_Set_CTC
 .text.TIMER0_CallBack
                0x00001f36       0x24 ./MCAL/TIMER0/TIMER0.o
                0x00001f36                TIMER0_CallBack
 .text.__vector_11
                0x00001f5a       0xf6 ./MCAL/TIMER0/TIMER0.o
                0x00001f5a                __vector_11
 .text.__vector_10
                0x00002050       0xba ./MCAL/TIMER0/TIMER0.o
                0x00002050                __vector_10
 .text.SPI_Master_Init
                0x0000210a       0x9c ./MCAL/SPI/SPI.o
                0x0000210a                SPI_Master_Init
 .text.SPI_Slave_Init
                0x000021a6       0xa6 ./MCAL/SPI/SPI.o
                0x000021a6                SPI_Slave_Init
 .text.SPI_TRANCEIVER
                0x0000224c       0x4e ./MCAL/SPI/SPI.o
                0x0000224c                SPI_TRANCEIVER
 .text.ICU_Init
                0x0000229a       0x58 ./MCAL/ICU/ICU.o
                0x0000229a                ICU_Init
 .text.ICU_SetTrigger
                0x000022f2       0x56 ./MCAL/ICU/ICU.o
                0x000022f2                ICU_SetTrigger
 .text.ICU_GetValue
                0x00002348       0x16 ./MCAL/ICU/ICU.o
                0x00002348                ICU_GetValue
 .text.ICU_DisplayPWM
                0x0000235e       0x7e ./MCAL/ICU/ICU.o
                0x0000235e                ICU_DisplayPWM
 .text.__vector_6
                0x000023dc       0xfc ./MCAL/ICU/ICU.o
                0x000023dc                __vector_6
 .text.GI_Enable
                0x000024d8       0x1c ./MCAL/GI/GI.o
                0x000024d8                GI_Enable
 .text.GI_Disable
                0x000024f4       0x1c ./MCAL/GI/GI.o
                0x000024f4                GI_Disable
 .text.EXT_INT_Enable
                0x00002510       0x74 ./MCAL/EXT_INT/EXT_INT.o
                0x00002510                EXT_INT_Enable
 .text.EXT_INT_Disable
                0x00002584       0x74 ./MCAL/EXT_INT/EXT_INT.o
                0x00002584                EXT_INT_Disable
 .text.EXT_INT_SenseControl
                0x000025f8      0x1e4 ./MCAL/EXT_INT/EXT_INT.o
                0x000025f8                EXT_INT_SenseControl
 .text.EXT_INT_ReturnFlag
                0x000027dc       0x90 ./MCAL/EXT_INT/EXT_INT.o
                0x000027dc                EXT_INT_ReturnFlag
 .text.EXT_INT1_Callback
                0x0000286c       0x24 ./MCAL/EXT_INT/EXT_INT.o
                0x0000286c                EXT_INT1_Callback
 .text.EXT_INT0_Callback
                0x00002890       0x24 ./MCAL/EXT_INT/EXT_INT.o
                0x00002890                EXT_INT0_Callback
 .text.EXT_INT2_Callback
                0x000028b4       0x24 ./MCAL/EXT_INT/EXT_INT.o
                0x000028b4                EXT_INT2_Callback
 .text.__vector_1
                0x000028d8       0x5a ./MCAL/EXT_INT/EXT_INT.o
                0x000028d8                __vector_1
 .text.__vector_2
                0x00002932       0x5a ./MCAL/EXT_INT/EXT_INT.o
                0x00002932                __vector_2
 .text.__vector_3
                0x0000298c       0x5a ./MCAL/EXT_INT/EXT_INT.o
                0x0000298c                __vector_3
 .text.DIO_INIT
                0x000029e6       0x46 ./MCAL/DIO/DIO_Program.o
                0x000029e6                DIO_INIT
 .text.DIO_SetPinDirection
                0x00002a2c      0x224 ./MCAL/DIO/DIO_Program.o
                0x00002a2c                DIO_SetPinDirection
 .text.DIO_SetPinValue
                0x00002c50      0x224 ./MCAL/DIO/DIO_Program.o
                0x00002c50                DIO_SetPinValue
 .text.DIO_ReadPin
                0x00002e74      0x12c ./MCAL/DIO/DIO_Program.o
                0x00002e74                DIO_ReadPin
 .text.DIO_TogglePin
                0x00002fa0      0x116 ./MCAL/DIO/DIO_Program.o
                0x00002fa0                DIO_TogglePin
 .text.DIO_SetPortDirection
                0x000030b6      0x182 ./MCAL/DIO/DIO_Program.o
                0x000030b6                DIO_SetPortDirection
 .text.DIO_SetPortValue
                0x00003238       0x9c ./MCAL/DIO/DIO_Program.o
                0x00003238                DIO_SetPortValue
 .text.DIO_ReadPort
                0x000032d4       0xb8 ./MCAL/DIO/DIO_Program.o
                0x000032d4                DIO_ReadPort
 .text.DIO_TogglePort
                0x0000338c       0xb0 ./MCAL/DIO/DIO_Program.o
                0x0000338c                DIO_TogglePort
 .text.ADC_Init
                0x0000343c       0x7e ./MCAL/ADC/ADC.o
                0x0000343c                ADC_Init
 .text.ADC_READ
                0x000034ba      0x22c ./MCAL/ADC/ADC.o
                0x000034ba                ADC_READ
 .text.TEMP_SENSOR_Reading
                0x000036e6       0xa8 ./HAL/TEMP_SENSOR/TEMP_SENSOR.o
                0x000036e6                TEMP_SENSOR_Reading
 .text.STEPPER_INIT
                0x0000378e       0x16 ./HAL/STEPPER_MOTOR/STEPPER_MOTOR.o
                0x0000378e                STEPPER_INIT
 .text.STEPPER_Stop
                0x000037a4       0x36 ./HAL/STEPPER_MOTOR/STEPPER_MOTOR.o
                0x000037a4                STEPPER_Stop
 .text.STEPPER_STEP
                0x000037da      0x244 ./HAL/STEPPER_MOTOR/STEPPER_MOTOR.o
                0x000037da                STEPPER_STEP
 .text.STEPPER_ClockWise_FullStep
                0x00003a1e      0x126 ./HAL/STEPPER_MOTOR/STEPPER_MOTOR.o
                0x00003a1e                STEPPER_ClockWise_FullStep
 .text.STEPPER_AntiClockWise_FullStep
                0x00003b44      0x126 ./HAL/STEPPER_MOTOR/STEPPER_MOTOR.o
                0x00003b44                STEPPER_AntiClockWise_FullStep
 .text.STEPPER_ClockWise_HalfStep
                0x00003c6a      0x126 ./HAL/STEPPER_MOTOR/STEPPER_MOTOR.o
                0x00003c6a                STEPPER_ClockWise_HalfStep
 .text.STEPPER_AntiClockWise_HalfStep
                0x00003d90      0x126 ./HAL/STEPPER_MOTOR/STEPPER_MOTOR.o
                0x00003d90                STEPPER_AntiClockWise_HalfStep
 .text.STEPPER_GoToSTEP
                0x00003eb6      0x12c ./HAL/STEPPER_MOTOR/STEPPER_MOTOR.o
                0x00003eb6                STEPPER_GoToSTEP
 .text.SEV_SEG_INIT
                0x00003fe2       0x1c ./HAL/SEV_SEG/SEV_SEG.o
                0x00003fe2                SEV_SEG_INIT
 .text.SEV_SEG_COUNT_UP
                0x00003ffe      0x23a ./HAL/SEV_SEG/SEV_SEG.o
                0x00003ffe                SEV_SEG_COUNT_UP
 .text.SEV_SEG_COUNT_DOWN
                0x00004238      0x23a ./HAL/SEV_SEG/SEV_SEG.o
                0x00004238                SEV_SEG_COUNT_DOWN
 .text.SEV_SEG_DISPLAY_NUM
                0x00004472      0x118 ./HAL/SEV_SEG/SEV_SEG.o
                0x00004472                SEV_SEG_DISPLAY_NUM
 .text.SEV_SEG_TOG_NUM
                0x0000458a      0x222 ./HAL/SEV_SEG/SEV_SEG.o
                0x0000458a                SEV_SEG_TOG_NUM
 .text.LED_INIT
                0x000047ac       0x22 ./HAL/LED/LED.o
                0x000047ac                LED_INIT
 .text.LED_ON   0x000047ce       0x22 ./HAL/LED/LED.o
                0x000047ce                LED_ON
 .text.LED_OFF  0x000047f0       0x22 ./HAL/LED/LED.o
                0x000047f0                LED_OFF
 .text.LED_TOG  0x00004812       0x20 ./HAL/LED/LED.o
                0x00004812                LED_TOG
 .text.LDR_Reading
                0x00004832       0x62 ./HAL/LDR/LDR.o
                0x00004832                LDR_Reading
 .text.LDR_Intensity_Level
                0x00004894       0xb6 ./HAL/LDR/LDR.o
                0x00004894                LDR_Intensity_Level
 .text.LCD_8bit_INIT
                0x0000494a      0x4e8 ./HAL/LCD/LCD.o
                0x0000494a                LCD_8bit_INIT
 .text.LCD_WriteChar
                0x00004e32      0x220 ./HAL/LCD/LCD.o
                0x00004e32                LCD_WriteChar
 .text.LCD_WriteString
                0x00005052       0x54 ./HAL/LCD/LCD.o
                0x00005052                LCD_WriteString
 .text.LCD_GoTo
                0x000050a6       0x56 ./HAL/LCD/LCD.o
                0x000050a6                LCD_GoTo
 .text.LCD_Write_Custom_Char
                0x000050fc       0x60 ./HAL/LCD/LCD.o
                0x000050fc                LCD_Write_Custom_Char
 .text.LCD_Write_Int_Number
                0x0000515c      0x218 ./HAL/LCD/LCD.o
                0x0000515c                LCD_Write_Int_Number
 .text.LCD_Write_Float_Number
                0x00005374      0x2f4 ./HAL/LCD/LCD.o
                0x00005374                LCD_Write_Float_Number
 .text.LCD_WriteInstruction
                0x00005668      0x220 ./HAL/LCD/LCD.o
                0x00005668                LCD_WriteInstruction
 .text.KEYPAD_INIT
                0x00005888       0x1e ./HAL/KEYPAD/KEYPAD.o
                0x00005888                KEYPAD_INIT
 .text.KEYPAD_GetKeyPressed
                0x000058a6      0x1a6 ./HAL/KEYPAD/KEYPAD.o
                0x000058a6                KEYPAD_GetKeyPressed
 .text.EEPROM_WriteByte
                0x00005a4c       0x42 ./HAL/EEPROM/EEPROM.o
                0x00005a4c                EEPROM_WriteByte
 .text.EEPROM_ReadByte
                0x00005a8e       0x54 ./HAL/EEPROM/EEPROM.o
                0x00005a8e                EEPROM_ReadByte
 .text.MOTOR_INIT
                0x00005ae2       0x24 ./HAL/DC_MOTOR/DC_MOTOR.o
                0x00005ae2                MOTOR_INIT
 .text.MOTOR_ClockWise
                0x00005b06       0x3e ./HAL/DC_MOTOR/DC_MOTOR.o
                0x00005b06                MOTOR_ClockWise
 .text.MOTOR_AntiClockWise
                0x00005b44       0x3e ./HAL/DC_MOTOR/DC_MOTOR.o
                0x00005b44                MOTOR_AntiClockWise
 .text.MOTOR_Stop
                0x00005b82       0x3e ./HAL/DC_MOTOR/DC_MOTOR.o
                0x00005b82                MOTOR_Stop
 .text.Name_In_Sinosuidal_Wave
                0x00005bc0      0x190 ./APP/Name_Wave/Name_Wave.o
                0x00005bc0                Name_In_Sinosuidal_Wave
 .text.Flash_Every_500_ms
                0x00005d50      0x236 ./APP/LED_Animations/LED_Animations.o
                0x00005d50                Flash_Every_500_ms
 .text.Shift_Left_Every_250_ms
                0x00005f86      0xcb8 ./APP/LED_Animations/LED_Animations.o
                0x00005f86                Shift_Left_Every_250_ms
 .text.Shift_Right_Every_250_ms
                0x00006c3e      0xcba ./APP/LED_Animations/LED_Animations.o
                0x00006c3e                Shift_Right_Every_250_ms
 .text.Two_LEDs_Converge_Every_300_ms
                0x000078f8      0x4e4 ./APP/LED_Animations/LED_Animations.o
                0x000078f8                Two_LEDs_Converge_Every_300_ms
 .text.Two_LEDs_Diverge_Every_300_ms
                0x00007ddc      0x4e4 ./APP/LED_Animations/LED_Animations.o
                0x00007ddc                Two_LEDs_Diverge_Every_300_ms
 .text.Ping_Pong_Every_250_ms
                0x000082c0      0xcb8 ./APP/LED_Animations/LED_Animations.o
                0x000082c0                Ping_Pong_Every_250_ms
 .text.Snake_Effect_Every_300_ms
                0x00008f78      0xc5e ./APP/LED_Animations/LED_Animations.o
                0x00008f78                Snake_Effect_Every_300_ms
 .text.LEDs_Converge_Or_Diverge_Every_300_ms
                0x00009bd6      0xc7a ./APP/LED_Animations/LED_Animations.o
                0x00009bd6                LEDs_Converge_Or_Diverge_Every_300_ms
 .text.DC_MOTOR_RotaionsWithLabels
                0x0000a850      0x292 ./APP/DC_MOTOR_Rotaions/DC_MOTOR_Rotaions.o
                0x0000a850                DC_MOTOR_RotaionsWithLabels
 .text.TaskOne  0x0000aae2       0x18 ./main.o
                0x0000aae2                TaskOne
 .text.TaskTwo  0x0000aafa       0x18 ./main.o
                0x0000aafa                TaskTwo
 .text.TaskThree
                0x0000ab12      0x206 ./main.o
                0x0000ab12                TaskThree
 .text.TOG_LED  0x0000ad18       0x1c ./main.o
                0x0000ad18                TOG_LED
 .text.App1     0x0000ad34      0x11e ./main.o
                0x0000ad34                App1
 .text.App2     0x0000ae52      0x11e ./main.o
                0x0000ae52                App2
 .text.App3     0x0000af70      0x11e ./main.o
                0x0000af70                App3
 .text.libgcc   0x0000b08e       0x3e e:/imt/tools/imt_sdk_win_64/winavr/bin/../lib/gcc/avr/4.3.3/avr5\libgcc.a(_mulsi3.o)
                0x0000b08e                __mulsi3
 .text.libgcc   0x0000b0cc       0x18 e:/imt/tools/imt_sdk_win_64/winavr/bin/../lib/gcc/avr/4.3.3/avr5\libgcc.a(_udivmodqi4.o)
                0x0000b0cc                __udivmodqi4
 .text.libgcc   0x0000b0e4       0x28 e:/imt/tools/imt_sdk_win_64/winavr/bin/../lib/gcc/avr/4.3.3/avr5\libgcc.a(_udivmodhi4.o)
                0x0000b0e4                __udivmodhi4
 .text.libgcc   0x0000b10c       0x44 e:/imt/tools/imt_sdk_win_64/winavr/bin/../lib/gcc/avr/4.3.3/avr5\libgcc.a(_udivmodsi4.o)
                0x0000b10c                __udivmodsi4
 .text.libgcc   0x0000b150        0x0 e:/imt/tools/imt_sdk_win_64/winavr/bin/../lib/gcc/avr/4.3.3/avr5\libgcc.a(_exit.o)
 .text.libgcc   0x0000b150        0x0 e:/imt/tools/imt_sdk_win_64/winavr/bin/../lib/gcc/avr/4.3.3/avr5\libgcc.a(_copy_data.o)
 .text.libgcc   0x0000b150        0x0 e:/imt/tools/imt_sdk_win_64/winavr/bin/../lib/gcc/avr/4.3.3/avr5\libgcc.a(_clear_bss.o)
 .text.libgcc   0x0000b150       0x38 e:/imt/tools/imt_sdk_win_64/winavr/bin/../lib/gcc/avr/4.3.3/avr5\libgcc.a(_prologue.o)
                0x0000b150                __prologue_saves__
 .text.libgcc   0x0000b188       0x36 e:/imt/tools/imt_sdk_win_64/winavr/bin/../lib/gcc/avr/4.3.3/avr5\libgcc.a(_epilogue.o)
                0x0000b188                __epilogue_restores__
                0x0000b1be                . = ALIGN (0x2)
 *(.fini9)
 .fini9         0x0000b1be        0x0 e:/imt/tools/imt_sdk_win_64/winavr/bin/../lib/gcc/avr/4.3.3/avr5\libgcc.a(_exit.o)
                0x0000b1be                exit
                0x0000b1be                _exit
 *(.fini9)
 *(.fini8)
 *(.fini8)
 *(.fini7)
 *(.fini7)
 *(.fini6)
 *(.fini6)
 *(.fini5)
 *(.fini5)
 *(.fini4)
 *(.fini4)
 *(.fini3)
 *(.fini3)
 *(.fini2)
 *(.fini2)
 *(.fini1)
 *(.fini1)
 *(.fini0)
 .fini0         0x0000b1be        0x4 e:/imt/tools/imt_sdk_win_64/winavr/bin/../lib/gcc/avr/4.3.3/avr5\libgcc.a(_exit.o)
 *(.fini0)
                0x0000b1c2                _etext = .

.data           0x00800060      0x13a load address 0x0000b1c2
                0x00800060                PROVIDE (__data_start, .)
 *(.data)
 .data          0x00800060        0x0 e:/imt/tools/imt_sdk_win_64/winavr/bin/../lib/gcc/avr/4.3.3/../../../../avr/lib/avr5/crtm32.o
 .data          0x00800060        0x0 ./RTOS/RTOS.o
 .data          0x00800060        0x0 ./MCAL/WDT/WDT.o
 .data          0x00800060        0x0 ./MCAL/UART/UART.o
 .data          0x00800060        0x0 ./MCAL/TWI/TWI.o
 .data          0x00800060        0x0 ./MCAL/TIMER2/TIMER2.o
 .data          0x00800060        0x0 ./MCAL/TIMER1/TIMER1.o
 .data          0x00800060        0x0 ./MCAL/TIMER0/TIMER0.o
 .data          0x00800060        0x0 ./MCAL/SPI/SPI.o
 .data          0x00800060        0x0 ./MCAL/ICU/ICU.o
 .data          0x00800060        0x0 ./MCAL/GI/GI.o
 .data          0x00800060        0x0 ./MCAL/EXT_INT/EXT_INT.o
 .data          0x00800060        0x0 ./MCAL/DIO/DIO_Program.o
 .data          0x00800060        0x0 ./MCAL/ADC/ADC.o
 .data          0x00800060        0x0 ./HAL/TEMP_SENSOR/TEMP_SENSOR.o
 .data          0x00800060        0x0 ./HAL/SWITCH/SWITCH.o
 .data          0x00800060        0x0 ./HAL/STEPPER_MOTOR/STEPPER_MOTOR.o
 .data          0x00800060        0x0 ./HAL/SEV_SEG/SEV_SEG.o
 .data          0x00800060        0x0 ./HAL/LED/LED.o
 .data          0x00800060        0x0 ./HAL/LDR/LDR.o
 .data          0x00800060        0x0 ./HAL/LCD/LCD.o
 .data          0x00800060        0x0 ./HAL/KEYPAD/KEYPAD.o
 .data          0x00800060        0x0 ./HAL/EEPROM/EEPROM.o
 .data          0x00800060        0x0 ./HAL/DC_MOTOR/DC_MOTOR.o
 .data          0x00800060        0x0 ./APP/Simple_Calculator/Simple_Calculator.o
 .data          0x00800060        0x0 ./APP/Name_Wave/Name_Wave.o
 .data          0x00800060        0x0 ./APP/LED_Animations/LED_Animations.o
 .data          0x00800060       0x19 ./APP/DC_MOTOR_Rotaions/DC_MOTOR_Rotaions.o
 .data          0x00800079        0x0 ./main.o
 .data          0x00800079        0x0 e:/imt/tools/imt_sdk_win_64/winavr/bin/../lib/gcc/avr/4.3.3/avr5\libgcc.a(_mulsi3.o)
 .data          0x00800079        0x0 e:/imt/tools/imt_sdk_win_64/winavr/bin/../lib/gcc/avr/4.3.3/avr5\libgcc.a(_udivmodqi4.o)
 .data          0x00800079        0x0 e:/imt/tools/imt_sdk_win_64/winavr/bin/../lib/gcc/avr/4.3.3/avr5\libgcc.a(_udivmodhi4.o)
 .data          0x00800079        0x0 e:/imt/tools/imt_sdk_win_64/winavr/bin/../lib/gcc/avr/4.3.3/avr5\libgcc.a(_udivmodsi4.o)
 .data          0x00800079        0x0 e:/imt/tools/imt_sdk_win_64/winavr/bin/../lib/gcc/avr/4.3.3/avr5\libgcc.a(_exit.o)
 .data          0x00800079        0x0 e:/imt/tools/imt_sdk_win_64/winavr/bin/../lib/gcc/avr/4.3.3/avr5\libgcc.a(_copy_data.o)
 .data          0x00800079        0x0 e:/imt/tools/imt_sdk_win_64/winavr/bin/../lib/gcc/avr/4.3.3/avr5\libgcc.a(_clear_bss.o)
 .data          0x00800079        0x0 e:/imt/tools/imt_sdk_win_64/winavr/bin/../lib/gcc/avr/4.3.3/avr5\libgcc.a(_fixunssfsi.o)
 .data          0x00800079        0x0 e:/imt/tools/imt_sdk_win_64/winavr/bin/../lib/gcc/avr/4.3.3/avr5\libgcc.a(_addsub_sf.o)
 .data          0x00800079        0x0 e:/imt/tools/imt_sdk_win_64/winavr/bin/../lib/gcc/avr/4.3.3/avr5\libgcc.a(_mul_sf.o)
 .data          0x00800079        0x0 e:/imt/tools/imt_sdk_win_64/winavr/bin/../lib/gcc/avr/4.3.3/avr5\libgcc.a(_div_sf.o)
 .data          0x00800079        0x0 e:/imt/tools/imt_sdk_win_64/winavr/bin/../lib/gcc/avr/4.3.3/avr5\libgcc.a(_gt_sf.o)
 .data          0x00800079        0x0 e:/imt/tools/imt_sdk_win_64/winavr/bin/../lib/gcc/avr/4.3.3/avr5\libgcc.a(_ge_sf.o)
 .data          0x00800079        0x0 e:/imt/tools/imt_sdk_win_64/winavr/bin/../lib/gcc/avr/4.3.3/avr5\libgcc.a(_lt_sf.o)
 .data          0x00800079        0x0 e:/imt/tools/imt_sdk_win_64/winavr/bin/../lib/gcc/avr/4.3.3/avr5\libgcc.a(_si_to_sf.o)
 .data          0x00800079        0x0 e:/imt/tools/imt_sdk_win_64/winavr/bin/../lib/gcc/avr/4.3.3/avr5\libgcc.a(_sf_to_si.o)
 .data          0x00800079        0x8 e:/imt/tools/imt_sdk_win_64/winavr/bin/../lib/gcc/avr/4.3.3/avr5\libgcc.a(_thenan_sf.o)
                0x00800079                __thenan_sf
 .data          0x00800081        0x0 e:/imt/tools/imt_sdk_win_64/winavr/bin/../lib/gcc/avr/4.3.3/avr5\libgcc.a(_usi_to_sf.o)
 .data          0x00800081        0x0 e:/imt/tools/imt_sdk_win_64/winavr/bin/../lib/gcc/avr/4.3.3/avr5\libgcc.a(_prologue.o)
 .data          0x00800081        0x0 e:/imt/tools/imt_sdk_win_64/winavr/bin/../lib/gcc/avr/4.3.3/avr5\libgcc.a(_epilogue.o)
 .data          0x00800081        0x0 e:/imt/tools/imt_sdk_win_64/winavr/bin/../lib/gcc/avr/4.3.3/avr5\libgcc.a(_clzsi2.o)
 .data          0x00800081        0x0 e:/imt/tools/imt_sdk_win_64/winavr/bin/../lib/gcc/avr/4.3.3/avr5\libgcc.a(_pack_sf.o)
 .data          0x00800081        0x0 e:/imt/tools/imt_sdk_win_64/winavr/bin/../lib/gcc/avr/4.3.3/avr5\libgcc.a(_unpack_sf.o)
 .data          0x00800081        0x0 e:/imt/tools/imt_sdk_win_64/winavr/bin/../lib/gcc/avr/4.3.3/avr5\libgcc.a(_fpcmp_parts_sf.o)
 .data          0x00800081      0x100 e:/imt/tools/imt_sdk_win_64/winavr/bin/../lib/gcc/avr/4.3.3/avr5\libgcc.a(_clz.o)
                0x00800081                __clz_tab
 *(.data*)
 .data.SwitchValue
                0x00800181       0x10 ./HAL/KEYPAD/KEYPAD.o
                0x00800181                SwitchValue
 .data.customChar
                0x00800191        0x8 ./main.o
                0x00800191                customChar
 *(.rodata)
 *(.rodata*)
 *(.gnu.linkonce.d*)
                0x0080019a                . = ALIGN (0x2)
 *fill*         0x00800199        0x1 00
                0x0080019a                _edata = .
                0x0080019a                PROVIDE (__data_end, .)

.bss            0x0080019a       0x49
                0x0080019a                PROVIDE (__bss_start, .)
 *(.bss)
 .bss           0x0080019a        0x0 e:/imt/tools/imt_sdk_win_64/winavr/bin/../lib/gcc/avr/4.3.3/../../../../avr/lib/avr5/crtm32.o
 .bss           0x0080019a        0x0 ./RTOS/RTOS.o
 .bss           0x0080019a        0x0 ./MCAL/WDT/WDT.o
 .bss           0x0080019a        0x0 ./MCAL/UART/UART.o
 .bss           0x0080019a        0x0 ./MCAL/TWI/TWI.o
 .bss           0x0080019a        0x0 ./MCAL/TIMER2/TIMER2.o
 .bss           0x0080019a        0x0 ./MCAL/TIMER1/TIMER1.o
 .bss           0x0080019a        0x0 ./MCAL/TIMER0/TIMER0.o
 .bss           0x0080019a        0x0 ./MCAL/SPI/SPI.o
 .bss           0x0080019a        0x0 ./MCAL/ICU/ICU.o
 .bss           0x0080019a        0x0 ./MCAL/GI/GI.o
 .bss           0x0080019a        0x0 ./MCAL/EXT_INT/EXT_INT.o
 .bss           0x0080019a        0x0 ./MCAL/DIO/DIO_Program.o
 .bss           0x0080019a        0x0 ./MCAL/ADC/ADC.o
 .bss           0x0080019a        0x0 ./HAL/TEMP_SENSOR/TEMP_SENSOR.o
 .bss           0x0080019a        0x0 ./HAL/SWITCH/SWITCH.o
 .bss           0x0080019a        0x0 ./HAL/STEPPER_MOTOR/STEPPER_MOTOR.o
 .bss           0x0080019a        0x0 ./HAL/SEV_SEG/SEV_SEG.o
 .bss           0x0080019a        0x0 ./HAL/LED/LED.o
 .bss           0x0080019a        0x0 ./HAL/LDR/LDR.o
 .bss           0x0080019a        0x0 ./HAL/LCD/LCD.o
 .bss           0x0080019a        0x0 ./HAL/KEYPAD/KEYPAD.o
 .bss           0x0080019a        0x0 ./HAL/EEPROM/EEPROM.o
 .bss           0x0080019a        0x0 ./HAL/DC_MOTOR/DC_MOTOR.o
 .bss           0x0080019a        0x0 ./APP/Simple_Calculator/Simple_Calculator.o
 .bss           0x0080019a        0x0 ./APP/Name_Wave/Name_Wave.o
 .bss           0x0080019a        0x0 ./APP/LED_Animations/LED_Animations.o
 .bss           0x0080019a        0x0 ./APP/DC_MOTOR_Rotaions/DC_MOTOR_Rotaions.o
 .bss           0x0080019a        0x0 ./main.o
 .bss           0x0080019a        0x0 e:/imt/tools/imt_sdk_win_64/winavr/bin/../lib/gcc/avr/4.3.3/avr5\libgcc.a(_mulsi3.o)
 .bss           0x0080019a        0x0 e:/imt/tools/imt_sdk_win_64/winavr/bin/../lib/gcc/avr/4.3.3/avr5\libgcc.a(_udivmodqi4.o)
 .bss           0x0080019a        0x0 e:/imt/tools/imt_sdk_win_64/winavr/bin/../lib/gcc/avr/4.3.3/avr5\libgcc.a(_udivmodhi4.o)
 .bss           0x0080019a        0x0 e:/imt/tools/imt_sdk_win_64/winavr/bin/../lib/gcc/avr/4.3.3/avr5\libgcc.a(_udivmodsi4.o)
 .bss           0x0080019a        0x0 e:/imt/tools/imt_sdk_win_64/winavr/bin/../lib/gcc/avr/4.3.3/avr5\libgcc.a(_exit.o)
 .bss           0x0080019a        0x0 e:/imt/tools/imt_sdk_win_64/winavr/bin/../lib/gcc/avr/4.3.3/avr5\libgcc.a(_copy_data.o)
 .bss           0x0080019a        0x0 e:/imt/tools/imt_sdk_win_64/winavr/bin/../lib/gcc/avr/4.3.3/avr5\libgcc.a(_clear_bss.o)
 .bss           0x0080019a        0x0 e:/imt/tools/imt_sdk_win_64/winavr/bin/../lib/gcc/avr/4.3.3/avr5\libgcc.a(_fixunssfsi.o)
 .bss           0x0080019a        0x0 e:/imt/tools/imt_sdk_win_64/winavr/bin/../lib/gcc/avr/4.3.3/avr5\libgcc.a(_addsub_sf.o)
 .bss           0x0080019a        0x0 e:/imt/tools/imt_sdk_win_64/winavr/bin/../lib/gcc/avr/4.3.3/avr5\libgcc.a(_mul_sf.o)
 .bss           0x0080019a        0x0 e:/imt/tools/imt_sdk_win_64/winavr/bin/../lib/gcc/avr/4.3.3/avr5\libgcc.a(_div_sf.o)
 .bss           0x0080019a        0x0 e:/imt/tools/imt_sdk_win_64/winavr/bin/../lib/gcc/avr/4.3.3/avr5\libgcc.a(_gt_sf.o)
 .bss           0x0080019a        0x0 e:/imt/tools/imt_sdk_win_64/winavr/bin/../lib/gcc/avr/4.3.3/avr5\libgcc.a(_ge_sf.o)
 .bss           0x0080019a        0x0 e:/imt/tools/imt_sdk_win_64/winavr/bin/../lib/gcc/avr/4.3.3/avr5\libgcc.a(_lt_sf.o)
 .bss           0x0080019a        0x0 e:/imt/tools/imt_sdk_win_64/winavr/bin/../lib/gcc/avr/4.3.3/avr5\libgcc.a(_si_to_sf.o)
 .bss           0x0080019a        0x0 e:/imt/tools/imt_sdk_win_64/winavr/bin/../lib/gcc/avr/4.3.3/avr5\libgcc.a(_sf_to_si.o)
 .bss           0x0080019a        0x0 e:/imt/tools/imt_sdk_win_64/winavr/bin/../lib/gcc/avr/4.3.3/avr5\libgcc.a(_thenan_sf.o)
 .bss           0x0080019a        0x0 e:/imt/tools/imt_sdk_win_64/winavr/bin/../lib/gcc/avr/4.3.3/avr5\libgcc.a(_usi_to_sf.o)
 .bss           0x0080019a        0x0 e:/imt/tools/imt_sdk_win_64/winavr/bin/../lib/gcc/avr/4.3.3/avr5\libgcc.a(_prologue.o)
 .bss           0x0080019a        0x0 e:/imt/tools/imt_sdk_win_64/winavr/bin/../lib/gcc/avr/4.3.3/avr5\libgcc.a(_epilogue.o)
 .bss           0x0080019a        0x0 e:/imt/tools/imt_sdk_win_64/winavr/bin/../lib/gcc/avr/4.3.3/avr5\libgcc.a(_clzsi2.o)
 .bss           0x0080019a        0x0 e:/imt/tools/imt_sdk_win_64/winavr/bin/../lib/gcc/avr/4.3.3/avr5\libgcc.a(_pack_sf.o)
 .bss           0x0080019a        0x0 e:/imt/tools/imt_sdk_win_64/winavr/bin/../lib/gcc/avr/4.3.3/avr5\libgcc.a(_unpack_sf.o)
 .bss           0x0080019a        0x0 e:/imt/tools/imt_sdk_win_64/winavr/bin/../lib/gcc/avr/4.3.3/avr5\libgcc.a(_fpcmp_parts_sf.o)
 .bss           0x0080019a        0x0 e:/imt/tools/imt_sdk_win_64/winavr/bin/../lib/gcc/avr/4.3.3/avr5\libgcc.a(_clz.o)
 *(.bss*)
 .bss.TIMER2_Num_Of_Overflows
                0x0080019a        0x4 ./MCAL/TIMER2/TIMER2.o
                0x0080019a                TIMER2_Num_Of_Overflows
 .bss.TIMER2_Pre_load_Value
                0x0080019e        0x4 ./MCAL/TIMER2/TIMER2.o
                0x0080019e                TIMER2_Pre_load_Value
 .bss.TIMER0_Num_Of_Overflows
                0x008001a2        0x4 ./MCAL/TIMER0/TIMER0.o
                0x008001a2                TIMER0_Num_Of_Overflows
 .bss.TIMER0_Pre_load_Value
                0x008001a6        0x4 ./MCAL/TIMER0/TIMER0.o
                0x008001a6                TIMER0_Pre_load_Value
 .bss.counter.1412
                0x008001aa        0x4 ./MCAL/TIMER0/TIMER0.o
 .bss.counter.1430
                0x008001ae        0x4 ./MCAL/TIMER0/TIMER0.o
 .bss.period_ticks
                0x008001b2        0x2 ./MCAL/ICU/ICU.o
                0x008001b2                period_ticks
 .bss.C2_ticks  0x008001b4        0x2 ./MCAL/ICU/ICU.o
                0x008001b4                C2_ticks
 .bss.C3_ticks  0x008001b6        0x2 ./MCAL/ICU/ICU.o
                0x008001b6                C3_ticks
 .bss.C4_ticks  0x008001b8        0x2 ./MCAL/ICU/ICU.o
                0x008001b8                C4_ticks
 .bss.TON       0x008001ba        0x2 ./MCAL/ICU/ICU.o
                0x008001ba                TON
 .bss.TOFF      0x008001bc        0x2 ./MCAL/ICU/ICU.o
                0x008001bc                TOFF
 .bss.counter.1265
                0x008001be        0x1 ./MCAL/ICU/ICU.o
 .bss.EXT1_PF   0x008001bf        0x2 ./MCAL/EXT_INT/EXT_INT.o
                0x008001bf                EXT1_PF
 .bss.EXT0_PF   0x008001c1        0x2 ./MCAL/EXT_INT/EXT_INT.o
                0x008001c1                EXT0_PF
 .bss.EXT2_PF   0x008001c3        0x2 ./MCAL/EXT_INT/EXT_INT.o
                0x008001c3                EXT2_PF
 *(COMMON)
 COMMON         0x008001c5       0x1c ./RTOS/RTOS.o
                0x008001c5                ArrOfTasks
 COMMON         0x008001e1        0x2 ./MCAL/TIMER0/TIMER0.o
                0x008001e1                TIMER0_CALL_BACK_PF
                0x008001e3                PROVIDE (__bss_end, .)
                0x0000b1c2                __data_load_start = LOADADDR (.data)
                0x0000b2fc                __data_load_end = (__data_load_start + SIZEOF (.data))

.noinit         0x008001e3        0x0
                0x008001e3                PROVIDE (__noinit_start, .)
 *(.noinit*)
                0x008001e3                PROVIDE (__noinit_end, .)
                0x008001e3                _end = .
                0x008001e3                PROVIDE (__heap_start, .)

.eeprom         0x00810000        0x0
 *(.eeprom*)
                0x00810000                __eeprom_end = .

.fuse
 *(.fuse)
 *(.lfuse)
 *(.hfuse)
 *(.efuse)

.lock
 *(.lock*)

.signature
 *(.signature*)

.stab           0x00000000     0xb1cc
 *(.stab)
 .stab          0x00000000      0x33c ./RTOS/RTOS.o
 .stab          0x0000033c      0x33c ./MCAL/WDT/WDT.o
                                0x348 (size before relaxing)
 .stab          0x00000678      0x294 ./MCAL/UART/UART.o
                                0x2a0 (size before relaxing)
 .stab          0x0000090c      0x570 ./MCAL/TWI/TWI.o
                                0x57c (size before relaxing)
 .stab          0x00000e7c      0x300 ./MCAL/TIMER2/TIMER2.o
                                0x30c (size before relaxing)
 .stab          0x0000117c      0x2d0 ./MCAL/TIMER1/TIMER1.o
                                0x2dc (size before relaxing)
 .stab          0x0000144c      0x6c0 ./MCAL/TIMER0/TIMER0.o
                                0x6cc (size before relaxing)
 .stab          0x00001b0c      0x354 ./MCAL/SPI/SPI.o
                                0x360 (size before relaxing)
 .stab          0x00001e60      0x408 ./MCAL/ICU/ICU.o
                                0x414 (size before relaxing)
 .stab          0x00002268      0x1bc ./MCAL/GI/GI.o
                                0x1c8 (size before relaxing)
 .stab          0x00002424      0x5f4 ./MCAL/EXT_INT/EXT_INT.o
                                0x600 (size before relaxing)
 .stab          0x00002a18      0xa74 ./MCAL/DIO/DIO_Program.o
                                0xa80 (size before relaxing)
 .stab          0x0000348c      0x39c ./MCAL/ADC/ADC.o
                                0x3a8 (size before relaxing)
 .stab          0x00003828      0x21c ./HAL/TEMP_SENSOR/TEMP_SENSOR.o
                                0x228 (size before relaxing)
 .stab          0x00003a44      0x348 ./HAL/SWITCH/SWITCH.o
                                0x354 (size before relaxing)
 .stab          0x00003d8c      0x9a8 ./HAL/STEPPER_MOTOR/STEPPER_MOTOR.o
                                0xb4c (size before relaxing)
 .stab          0x00004734      0x84c ./HAL/SEV_SEG/SEV_SEG.o
                                0x9f0 (size before relaxing)
 .stab          0x00004f80      0x2a0 ./HAL/LED/LED.o
                                0x2ac (size before relaxing)
 .stab          0x00005220      0x30c ./HAL/LDR/LDR.o
                                0x318 (size before relaxing)
 .stab          0x0000552c      0xf24 ./HAL/LCD/LCD.o
                               0x10c8 (size before relaxing)
 .stab          0x00006450      0x3f0 ./HAL/KEYPAD/KEYPAD.o
                                0x594 (size before relaxing)
 .stab          0x00006840      0x324 ./HAL/EEPROM/EEPROM.o
                                0x330 (size before relaxing)
 .stab          0x00006b64      0x3c0 ./HAL/DC_MOTOR/DC_MOTOR.o
                                0x3cc (size before relaxing)
 .stab          0x00006f24       0xd8 ./APP/Simple_Calculator/Simple_Calculator.o
                                 0xe4 (size before relaxing)
 .stab          0x00006ffc      0x330 ./APP/Name_Wave/Name_Wave.o
                                0x4d4 (size before relaxing)
 .stab          0x0000732c     0x3384 ./APP/LED_Animations/LED_Animations.o
                               0x3528 (size before relaxing)
 .stab          0x0000a6b0      0x3f0 ./APP/DC_MOTOR_Rotaions/DC_MOTOR_Rotaions.o
                                0x594 (size before relaxing)
 .stab          0x0000aaa0      0x72c ./main.o
                                0x9c0 (size before relaxing)

.stabstr        0x00000000     0x2e2b
 *(.stabstr)
 .stabstr       0x00000000     0x2e2b ./RTOS/RTOS.o

.stab.excl
 *(.stab.excl)

.stab.exclstr
 *(.stab.exclstr)

.stab.index
 *(.stab.index)

.stab.indexstr
 *(.stab.indexstr)

.comment
 *(.comment)

.debug
 *(.debug)

.line
 *(.line)

.debug_srcinfo
 *(.debug_srcinfo)

.debug_sfnames
 *(.debug_sfnames)

.debug_aranges  0x00000000      0x1c0
 *(.debug_aranges)
 .debug_aranges
                0x00000000       0x20 e:/imt/tools/imt_sdk_win_64/winavr/bin/../lib/gcc/avr/4.3.3/avr5\libgcc.a(_fixunssfsi.o)
 .debug_aranges
                0x00000020       0x20 e:/imt/tools/imt_sdk_win_64/winavr/bin/../lib/gcc/avr/4.3.3/avr5\libgcc.a(_addsub_sf.o)
 .debug_aranges
                0x00000040       0x20 e:/imt/tools/imt_sdk_win_64/winavr/bin/../lib/gcc/avr/4.3.3/avr5\libgcc.a(_mul_sf.o)
 .debug_aranges
                0x00000060       0x20 e:/imt/tools/imt_sdk_win_64/winavr/bin/../lib/gcc/avr/4.3.3/avr5\libgcc.a(_div_sf.o)
 .debug_aranges
                0x00000080       0x20 e:/imt/tools/imt_sdk_win_64/winavr/bin/../lib/gcc/avr/4.3.3/avr5\libgcc.a(_gt_sf.o)
 .debug_aranges
                0x000000a0       0x20 e:/imt/tools/imt_sdk_win_64/winavr/bin/../lib/gcc/avr/4.3.3/avr5\libgcc.a(_ge_sf.o)
 .debug_aranges
                0x000000c0       0x20 e:/imt/tools/imt_sdk_win_64/winavr/bin/../lib/gcc/avr/4.3.3/avr5\libgcc.a(_lt_sf.o)
 .debug_aranges
                0x000000e0       0x20 e:/imt/tools/imt_sdk_win_64/winavr/bin/../lib/gcc/avr/4.3.3/avr5\libgcc.a(_si_to_sf.o)
 .debug_aranges
                0x00000100       0x20 e:/imt/tools/imt_sdk_win_64/winavr/bin/../lib/gcc/avr/4.3.3/avr5\libgcc.a(_sf_to_si.o)
 .debug_aranges
                0x00000120       0x20 e:/imt/tools/imt_sdk_win_64/winavr/bin/../lib/gcc/avr/4.3.3/avr5\libgcc.a(_usi_to_sf.o)
 .debug_aranges
                0x00000140       0x20 e:/imt/tools/imt_sdk_win_64/winavr/bin/../lib/gcc/avr/4.3.3/avr5\libgcc.a(_clzsi2.o)
 .debug_aranges
                0x00000160       0x20 e:/imt/tools/imt_sdk_win_64/winavr/bin/../lib/gcc/avr/4.3.3/avr5\libgcc.a(_pack_sf.o)
 .debug_aranges
                0x00000180       0x20 e:/imt/tools/imt_sdk_win_64/winavr/bin/../lib/gcc/avr/4.3.3/avr5\libgcc.a(_unpack_sf.o)
 .debug_aranges
                0x000001a0       0x20 e:/imt/tools/imt_sdk_win_64/winavr/bin/../lib/gcc/avr/4.3.3/avr5\libgcc.a(_fpcmp_parts_sf.o)

.debug_pubnames
                0x00000000      0x214
 *(.debug_pubnames)
 .debug_pubnames
                0x00000000       0x23 e:/imt/tools/imt_sdk_win_64/winavr/bin/../lib/gcc/avr/4.3.3/avr5\libgcc.a(_fixunssfsi.o)
 .debug_pubnames
                0x00000023       0x2c e:/imt/tools/imt_sdk_win_64/winavr/bin/../lib/gcc/avr/4.3.3/avr5\libgcc.a(_addsub_sf.o)
 .debug_pubnames
                0x0000004f       0x1f e:/imt/tools/imt_sdk_win_64/winavr/bin/../lib/gcc/avr/4.3.3/avr5\libgcc.a(_mul_sf.o)
 .debug_pubnames
                0x0000006e       0x1f e:/imt/tools/imt_sdk_win_64/winavr/bin/../lib/gcc/avr/4.3.3/avr5\libgcc.a(_div_sf.o)
 .debug_pubnames
                0x0000008d       0x1e e:/imt/tools/imt_sdk_win_64/winavr/bin/../lib/gcc/avr/4.3.3/avr5\libgcc.a(_gt_sf.o)
 .debug_pubnames
                0x000000ab       0x1e e:/imt/tools/imt_sdk_win_64/winavr/bin/../lib/gcc/avr/4.3.3/avr5\libgcc.a(_ge_sf.o)
 .debug_pubnames
                0x000000c9       0x1e e:/imt/tools/imt_sdk_win_64/winavr/bin/../lib/gcc/avr/4.3.3/avr5\libgcc.a(_lt_sf.o)
 .debug_pubnames
                0x000000e7       0x22 e:/imt/tools/imt_sdk_win_64/winavr/bin/../lib/gcc/avr/4.3.3/avr5\libgcc.a(_si_to_sf.o)
 .debug_pubnames
                0x00000109       0x20 e:/imt/tools/imt_sdk_win_64/winavr/bin/../lib/gcc/avr/4.3.3/avr5\libgcc.a(_sf_to_si.o)
 .debug_pubnames
                0x00000129       0x22 e:/imt/tools/imt_sdk_win_64/winavr/bin/../lib/gcc/avr/4.3.3/avr5\libgcc.a(_thenan_sf.o)
 .debug_pubnames
                0x0000014b       0x24 e:/imt/tools/imt_sdk_win_64/winavr/bin/../lib/gcc/avr/4.3.3/avr5\libgcc.a(_usi_to_sf.o)
 .debug_pubnames
                0x0000016f       0x1f e:/imt/tools/imt_sdk_win_64/winavr/bin/../lib/gcc/avr/4.3.3/avr5\libgcc.a(_clzsi2.o)
 .debug_pubnames
                0x0000018e       0x1f e:/imt/tools/imt_sdk_win_64/winavr/bin/../lib/gcc/avr/4.3.3/avr5\libgcc.a(_pack_sf.o)
 .debug_pubnames
                0x000001ad       0x21 e:/imt/tools/imt_sdk_win_64/winavr/bin/../lib/gcc/avr/4.3.3/avr5\libgcc.a(_unpack_sf.o)
 .debug_pubnames
                0x000001ce       0x26 e:/imt/tools/imt_sdk_win_64/winavr/bin/../lib/gcc/avr/4.3.3/avr5\libgcc.a(_fpcmp_parts_sf.o)
 .debug_pubnames
                0x000001f4       0x20 e:/imt/tools/imt_sdk_win_64/winavr/bin/../lib/gcc/avr/4.3.3/avr5\libgcc.a(_clz.o)

.debug_info     0x00000000     0x2612
 *(.debug_info)
 .debug_info    0x00000000       0xb1 e:/imt/tools/imt_sdk_win_64/winavr/bin/../lib/gcc/avr/4.3.3/avr5\libgcc.a(_fixunssfsi.o)
 .debug_info    0x000000b1      0x47a e:/imt/tools/imt_sdk_win_64/winavr/bin/../lib/gcc/avr/4.3.3/avr5\libgcc.a(_addsub_sf.o)
 .debug_info    0x0000052b      0x485 e:/imt/tools/imt_sdk_win_64/winavr/bin/../lib/gcc/avr/4.3.3/avr5\libgcc.a(_mul_sf.o)
 .debug_info    0x000009b0      0x3fc e:/imt/tools/imt_sdk_win_64/winavr/bin/../lib/gcc/avr/4.3.3/avr5\libgcc.a(_div_sf.o)
 .debug_info    0x00000dac      0x27f e:/imt/tools/imt_sdk_win_64/winavr/bin/../lib/gcc/avr/4.3.3/avr5\libgcc.a(_gt_sf.o)
 .debug_info    0x0000102b      0x27f e:/imt/tools/imt_sdk_win_64/winavr/bin/../lib/gcc/avr/4.3.3/avr5\libgcc.a(_ge_sf.o)
 .debug_info    0x000012aa      0x27f e:/imt/tools/imt_sdk_win_64/winavr/bin/../lib/gcc/avr/4.3.3/avr5\libgcc.a(_lt_sf.o)
 .debug_info    0x00001529      0x207 e:/imt/tools/imt_sdk_win_64/winavr/bin/../lib/gcc/avr/4.3.3/avr5\libgcc.a(_si_to_sf.o)
 .debug_info    0x00001730      0x2b0 e:/imt/tools/imt_sdk_win_64/winavr/bin/../lib/gcc/avr/4.3.3/avr5\libgcc.a(_sf_to_si.o)
 .debug_info    0x000019e0      0x12c e:/imt/tools/imt_sdk_win_64/winavr/bin/../lib/gcc/avr/4.3.3/avr5\libgcc.a(_thenan_sf.o)
 .debug_info    0x00001b0c      0x206 e:/imt/tools/imt_sdk_win_64/winavr/bin/../lib/gcc/avr/4.3.3/avr5\libgcc.a(_usi_to_sf.o)
 .debug_info    0x00001d12      0x117 e:/imt/tools/imt_sdk_win_64/winavr/bin/../lib/gcc/avr/4.3.3/avr5\libgcc.a(_clzsi2.o)
 .debug_info    0x00001e29      0x2df e:/imt/tools/imt_sdk_win_64/winavr/bin/../lib/gcc/avr/4.3.3/avr5\libgcc.a(_pack_sf.o)
 .debug_info    0x00002108      0x251 e:/imt/tools/imt_sdk_win_64/winavr/bin/../lib/gcc/avr/4.3.3/avr5\libgcc.a(_unpack_sf.o)
 .debug_info    0x00002359      0x210 e:/imt/tools/imt_sdk_win_64/winavr/bin/../lib/gcc/avr/4.3.3/avr5\libgcc.a(_fpcmp_parts_sf.o)
 .debug_info    0x00002569       0xa9 e:/imt/tools/imt_sdk_win_64/winavr/bin/../lib/gcc/avr/4.3.3/avr5\libgcc.a(_clz.o)
 *(.gnu.linkonce.wi.*)

.debug_abbrev   0x00000000     0x14ce
 *(.debug_abbrev)
 .debug_abbrev  0x00000000       0x5d e:/imt/tools/imt_sdk_win_64/winavr/bin/../lib/gcc/avr/4.3.3/avr5\libgcc.a(_fixunssfsi.o)
 .debug_abbrev  0x0000005d      0x1ea e:/imt/tools/imt_sdk_win_64/winavr/bin/../lib/gcc/avr/4.3.3/avr5\libgcc.a(_addsub_sf.o)
 .debug_abbrev  0x00000247      0x21b e:/imt/tools/imt_sdk_win_64/winavr/bin/../lib/gcc/avr/4.3.3/avr5\libgcc.a(_mul_sf.o)
 .debug_abbrev  0x00000462      0x216 e:/imt/tools/imt_sdk_win_64/winavr/bin/../lib/gcc/avr/4.3.3/avr5\libgcc.a(_div_sf.o)
 .debug_abbrev  0x00000678      0x15a e:/imt/tools/imt_sdk_win_64/winavr/bin/../lib/gcc/avr/4.3.3/avr5\libgcc.a(_gt_sf.o)
 .debug_abbrev  0x000007d2      0x15a e:/imt/tools/imt_sdk_win_64/winavr/bin/../lib/gcc/avr/4.3.3/avr5\libgcc.a(_ge_sf.o)
 .debug_abbrev  0x0000092c      0x15a e:/imt/tools/imt_sdk_win_64/winavr/bin/../lib/gcc/avr/4.3.3/avr5\libgcc.a(_lt_sf.o)
 .debug_abbrev  0x00000a86      0x148 e:/imt/tools/imt_sdk_win_64/winavr/bin/../lib/gcc/avr/4.3.3/avr5\libgcc.a(_si_to_sf.o)
 .debug_abbrev  0x00000bce      0x17f e:/imt/tools/imt_sdk_win_64/winavr/bin/../lib/gcc/avr/4.3.3/avr5\libgcc.a(_sf_to_si.o)
 .debug_abbrev  0x00000d4d       0xad e:/imt/tools/imt_sdk_win_64/winavr/bin/../lib/gcc/avr/4.3.3/avr5\libgcc.a(_thenan_sf.o)
 .debug_abbrev  0x00000dfa      0x157 e:/imt/tools/imt_sdk_win_64/winavr/bin/../lib/gcc/avr/4.3.3/avr5\libgcc.a(_usi_to_sf.o)
 .debug_abbrev  0x00000f51       0xc4 e:/imt/tools/imt_sdk_win_64/winavr/bin/../lib/gcc/avr/4.3.3/avr5\libgcc.a(_clzsi2.o)
 .debug_abbrev  0x00001015      0x1c0 e:/imt/tools/imt_sdk_win_64/winavr/bin/../lib/gcc/avr/4.3.3/avr5\libgcc.a(_pack_sf.o)
 .debug_abbrev  0x000011d5      0x154 e:/imt/tools/imt_sdk_win_64/winavr/bin/../lib/gcc/avr/4.3.3/avr5\libgcc.a(_unpack_sf.o)
 .debug_abbrev  0x00001329      0x13b e:/imt/tools/imt_sdk_win_64/winavr/bin/../lib/gcc/avr/4.3.3/avr5\libgcc.a(_fpcmp_parts_sf.o)
 .debug_abbrev  0x00001464       0x6a e:/imt/tools/imt_sdk_win_64/winavr/bin/../lib/gcc/avr/4.3.3/avr5\libgcc.a(_clz.o)

.debug_line     0x00000000     0x130b
 *(.debug_line)
 .debug_line    0x00000000       0xa7 e:/imt/tools/imt_sdk_win_64/winavr/bin/../lib/gcc/avr/4.3.3/avr5\libgcc.a(_fixunssfsi.o)
 .debug_line    0x000000a7      0x2af e:/imt/tools/imt_sdk_win_64/winavr/bin/../lib/gcc/avr/4.3.3/avr5\libgcc.a(_addsub_sf.o)
 .debug_line    0x00000356      0x239 e:/imt/tools/imt_sdk_win_64/winavr/bin/../lib/gcc/avr/4.3.3/avr5\libgcc.a(_mul_sf.o)
 .debug_line    0x0000058f      0x1d5 e:/imt/tools/imt_sdk_win_64/winavr/bin/../lib/gcc/avr/4.3.3/avr5\libgcc.a(_div_sf.o)
 .debug_line    0x00000764       0xd3 e:/imt/tools/imt_sdk_win_64/winavr/bin/../lib/gcc/avr/4.3.3/avr5\libgcc.a(_gt_sf.o)
 .debug_line    0x00000837       0xd3 e:/imt/tools/imt_sdk_win_64/winavr/bin/../lib/gcc/avr/4.3.3/avr5\libgcc.a(_ge_sf.o)
 .debug_line    0x0000090a       0xd3 e:/imt/tools/imt_sdk_win_64/winavr/bin/../lib/gcc/avr/4.3.3/avr5\libgcc.a(_lt_sf.o)
 .debug_line    0x000009dd      0x135 e:/imt/tools/imt_sdk_win_64/winavr/bin/../lib/gcc/avr/4.3.3/avr5\libgcc.a(_si_to_sf.o)
 .debug_line    0x00000b12      0x109 e:/imt/tools/imt_sdk_win_64/winavr/bin/../lib/gcc/avr/4.3.3/avr5\libgcc.a(_sf_to_si.o)
 .debug_line    0x00000c1b       0x90 e:/imt/tools/imt_sdk_win_64/winavr/bin/../lib/gcc/avr/4.3.3/avr5\libgcc.a(_thenan_sf.o)
 .debug_line    0x00000cab      0x133 e:/imt/tools/imt_sdk_win_64/winavr/bin/../lib/gcc/avr/4.3.3/avr5\libgcc.a(_usi_to_sf.o)
 .debug_line    0x00000dde       0xa5 e:/imt/tools/imt_sdk_win_64/winavr/bin/../lib/gcc/avr/4.3.3/avr5\libgcc.a(_clzsi2.o)
 .debug_line    0x00000e83      0x18a e:/imt/tools/imt_sdk_win_64/winavr/bin/../lib/gcc/avr/4.3.3/avr5\libgcc.a(_pack_sf.o)
 .debug_line    0x0000100d      0x14b e:/imt/tools/imt_sdk_win_64/winavr/bin/../lib/gcc/avr/4.3.3/avr5\libgcc.a(_unpack_sf.o)
 .debug_line    0x00001158      0x137 e:/imt/tools/imt_sdk_win_64/winavr/bin/../lib/gcc/avr/4.3.3/avr5\libgcc.a(_fpcmp_parts_sf.o)
 .debug_line    0x0000128f       0x7c e:/imt/tools/imt_sdk_win_64/winavr/bin/../lib/gcc/avr/4.3.3/avr5\libgcc.a(_clz.o)

.debug_frame    0x00000000      0x1e0
 *(.debug_frame)
 .debug_frame   0x00000000       0x20 e:/imt/tools/imt_sdk_win_64/winavr/bin/../lib/gcc/avr/4.3.3/avr5\libgcc.a(_fixunssfsi.o)
 .debug_frame   0x00000020       0x40 e:/imt/tools/imt_sdk_win_64/winavr/bin/../lib/gcc/avr/4.3.3/avr5\libgcc.a(_addsub_sf.o)
 .debug_frame   0x00000060       0x20 e:/imt/tools/imt_sdk_win_64/winavr/bin/../lib/gcc/avr/4.3.3/avr5\libgcc.a(_mul_sf.o)
 .debug_frame   0x00000080       0x20 e:/imt/tools/imt_sdk_win_64/winavr/bin/../lib/gcc/avr/4.3.3/avr5\libgcc.a(_div_sf.o)
 .debug_frame   0x000000a0       0x20 e:/imt/tools/imt_sdk_win_64/winavr/bin/../lib/gcc/avr/4.3.3/avr5\libgcc.a(_gt_sf.o)
 .debug_frame   0x000000c0       0x20 e:/imt/tools/imt_sdk_win_64/winavr/bin/../lib/gcc/avr/4.3.3/avr5\libgcc.a(_ge_sf.o)
 .debug_frame   0x000000e0       0x20 e:/imt/tools/imt_sdk_win_64/winavr/bin/../lib/gcc/avr/4.3.3/avr5\libgcc.a(_lt_sf.o)
 .debug_frame   0x00000100       0x20 e:/imt/tools/imt_sdk_win_64/winavr/bin/../lib/gcc/avr/4.3.3/avr5\libgcc.a(_si_to_sf.o)
 .debug_frame   0x00000120       0x20 e:/imt/tools/imt_sdk_win_64/winavr/bin/../lib/gcc/avr/4.3.3/avr5\libgcc.a(_sf_to_si.o)
 .debug_frame   0x00000140       0x20 e:/imt/tools/imt_sdk_win_64/winavr/bin/../lib/gcc/avr/4.3.3/avr5\libgcc.a(_usi_to_sf.o)
 .debug_frame   0x00000160       0x20 e:/imt/tools/imt_sdk_win_64/winavr/bin/../lib/gcc/avr/4.3.3/avr5\libgcc.a(_clzsi2.o)
 .debug_frame   0x00000180       0x20 e:/imt/tools/imt_sdk_win_64/winavr/bin/../lib/gcc/avr/4.3.3/avr5\libgcc.a(_pack_sf.o)
 .debug_frame   0x000001a0       0x20 e:/imt/tools/imt_sdk_win_64/winavr/bin/../lib/gcc/avr/4.3.3/avr5\libgcc.a(_unpack_sf.o)
 .debug_frame   0x000001c0       0x20 e:/imt/tools/imt_sdk_win_64/winavr/bin/../lib/gcc/avr/4.3.3/avr5\libgcc.a(_fpcmp_parts_sf.o)

.debug_str      0x00000000      0x307
 *(.debug_str)
 .debug_str     0x00000000       0xbf e:/imt/tools/imt_sdk_win_64/winavr/bin/../lib/gcc/avr/4.3.3/avr5\libgcc.a(_fixunssfsi.o)
                                 0xfe (size before relaxing)
 .debug_str     0x000000bf      0x14d e:/imt/tools/imt_sdk_win_64/winavr/bin/../lib/gcc/avr/4.3.3/avr5\libgcc.a(_addsub_sf.o)
                                0x206 (size before relaxing)
 .debug_str     0x0000020c       0x27 e:/imt/tools/imt_sdk_win_64/winavr/bin/../lib/gcc/avr/4.3.3/avr5\libgcc.a(_mul_sf.o)
                                0x1bf (size before relaxing)
 .debug_str     0x00000233       0x35 e:/imt/tools/imt_sdk_win_64/winavr/bin/../lib/gcc/avr/4.3.3/avr5\libgcc.a(_div_sf.o)
                                0x1c8 (size before relaxing)
 .debug_str     0x00000268        0x8 e:/imt/tools/imt_sdk_win_64/winavr/bin/../lib/gcc/avr/4.3.3/avr5\libgcc.a(_gt_sf.o)
                                0x195 (size before relaxing)
 .debug_str     0x00000270        0x8 e:/imt/tools/imt_sdk_win_64/winavr/bin/../lib/gcc/avr/4.3.3/avr5\libgcc.a(_ge_sf.o)
                                0x195 (size before relaxing)
 .debug_str     0x00000278        0x8 e:/imt/tools/imt_sdk_win_64/winavr/bin/../lib/gcc/avr/4.3.3/avr5\libgcc.a(_lt_sf.o)
                                0x195 (size before relaxing)
 .debug_str     0x00000280       0x1e e:/imt/tools/imt_sdk_win_64/winavr/bin/../lib/gcc/avr/4.3.3/avr5\libgcc.a(_si_to_sf.o)
                                0x17b (size before relaxing)
 .debug_str     0x0000029e        0xa e:/imt/tools/imt_sdk_win_64/winavr/bin/../lib/gcc/avr/4.3.3/avr5\libgcc.a(_sf_to_si.o)
                                0x19e (size before relaxing)
 .debug_str     0x00000000      0x103 e:/imt/tools/imt_sdk_win_64/winavr/bin/../lib/gcc/avr/4.3.3/avr5\libgcc.a(_thenan_sf.o)
 .debug_str     0x000002a8       0x14 e:/imt/tools/imt_sdk_win_64/winavr/bin/../lib/gcc/avr/4.3.3/avr5\libgcc.a(_usi_to_sf.o)
                                0x177 (size before relaxing)
 .debug_str     0x000002bc       0x20 e:/imt/tools/imt_sdk_win_64/winavr/bin/../lib/gcc/avr/4.3.3/avr5\libgcc.a(_clzsi2.o)
                                0x111 (size before relaxing)
 .debug_str     0x000002dc       0x10 e:/imt/tools/imt_sdk_win_64/winavr/bin/../lib/gcc/avr/4.3.3/avr5\libgcc.a(_pack_sf.o)
                                0x19d (size before relaxing)
 .debug_str     0x000002ec        0xb e:/imt/tools/imt_sdk_win_64/winavr/bin/../lib/gcc/avr/4.3.3/avr5\libgcc.a(_unpack_sf.o)
                                0x17f (size before relaxing)
 .debug_str     0x000002f7       0x10 e:/imt/tools/imt_sdk_win_64/winavr/bin/../lib/gcc/avr/4.3.3/avr5\libgcc.a(_fpcmp_parts_sf.o)
                                0x163 (size before relaxing)
 .debug_str     0x00000000       0xf4 e:/imt/tools/imt_sdk_win_64/winavr/bin/../lib/gcc/avr/4.3.3/avr5\libgcc.a(_clz.o)

.debug_loc      0x00000000      0xa1a
 *(.debug_loc)
 .debug_loc     0x00000000       0x34 e:/imt/tools/imt_sdk_win_64/winavr/bin/../lib/gcc/avr/4.3.3/avr5\libgcc.a(_fixunssfsi.o)
 .debug_loc     0x00000034      0x32a e:/imt/tools/imt_sdk_win_64/winavr/bin/../lib/gcc/avr/4.3.3/avr5\libgcc.a(_addsub_sf.o)
 .debug_loc     0x0000035e      0x104 e:/imt/tools/imt_sdk_win_64/winavr/bin/../lib/gcc/avr/4.3.3/avr5\libgcc.a(_mul_sf.o)
 .debug_loc     0x00000462       0xc0 e:/imt/tools/imt_sdk_win_64/winavr/bin/../lib/gcc/avr/4.3.3/avr5\libgcc.a(_div_sf.o)
 .debug_loc     0x00000522       0x3c e:/imt/tools/imt_sdk_win_64/winavr/bin/../lib/gcc/avr/4.3.3/avr5\libgcc.a(_gt_sf.o)
 .debug_loc     0x0000055e       0x3c e:/imt/tools/imt_sdk_win_64/winavr/bin/../lib/gcc/avr/4.3.3/avr5\libgcc.a(_ge_sf.o)
 .debug_loc     0x0000059a       0x3c e:/imt/tools/imt_sdk_win_64/winavr/bin/../lib/gcc/avr/4.3.3/avr5\libgcc.a(_lt_sf.o)
 .debug_loc     0x000005d6       0xac e:/imt/tools/imt_sdk_win_64/winavr/bin/../lib/gcc/avr/4.3.3/avr5\libgcc.a(_si_to_sf.o)
 .debug_loc     0x00000682       0x7e e:/imt/tools/imt_sdk_win_64/winavr/bin/../lib/gcc/avr/4.3.3/avr5\libgcc.a(_sf_to_si.o)
 .debug_loc     0x00000700       0x4c e:/imt/tools/imt_sdk_win_64/winavr/bin/../lib/gcc/avr/4.3.3/avr5\libgcc.a(_usi_to_sf.o)
 .debug_loc     0x0000074c       0x94 e:/imt/tools/imt_sdk_win_64/winavr/bin/../lib/gcc/avr/4.3.3/avr5\libgcc.a(_clzsi2.o)
 .debug_loc     0x000007e0      0x13e e:/imt/tools/imt_sdk_win_64/winavr/bin/../lib/gcc/avr/4.3.3/avr5\libgcc.a(_pack_sf.o)
 .debug_loc     0x0000091e       0xac e:/imt/tools/imt_sdk_win_64/winavr/bin/../lib/gcc/avr/4.3.3/avr5\libgcc.a(_unpack_sf.o)
 .debug_loc     0x000009ca       0x50 e:/imt/tools/imt_sdk_win_64/winavr/bin/../lib/gcc/avr/4.3.3/avr5\libgcc.a(_fpcmp_parts_sf.o)

.debug_macinfo
 *(.debug_macinfo)
OUTPUT(Layered_Arch.elf elf32-avr)
LOAD linker stubs

.debug_ranges   0x00000000       0x50
 .debug_ranges  0x00000000       0x50 e:/imt/tools/imt_sdk_win_64/winavr/bin/../lib/gcc/avr/4.3.3/avr5\libgcc.a(_mul_sf.o)
