Archive member included because of file (symbol)

e:/imt/tools/imt_sdk_win_64/winavr/bin/../lib/gcc/avr/4.3.3/avr5\libgcc.a(_mulsi3.o)
                              ./MCAL/TIMER0/TIMER0.o (__mulsi3)
e:/imt/tools/imt_sdk_win_64/winavr/bin/../lib/gcc/avr/4.3.3/avr5\libgcc.a(_udivmodqi4.o)
                              ./HAL/LCD/LCD.o (__udivmodqi4)
e:/imt/tools/imt_sdk_win_64/winavr/bin/../lib/gcc/avr/4.3.3/avr5\libgcc.a(_udivmodhi4.o)
                              ./MCAL/ICU/ICU.o (__udivmodhi4)
e:/imt/tools/imt_sdk_win_64/winavr/bin/../lib/gcc/avr/4.3.3/avr5\libgcc.a(_udivmodsi4.o)
                              ./MCAL/TIMER1/TIMER1.o (__udivmodsi4)
e:/imt/tools/imt_sdk_win_64/winavr/bin/../lib/gcc/avr/4.3.3/avr5\libgcc.a(_exit.o)
                              e:/imt/tools/imt_sdk_win_64/winavr/bin/../lib/gcc/avr/4.3.3/../../../../avr/lib/avr5/crtm32.o (exit)
e:/imt/tools/imt_sdk_win_64/winavr/bin/../lib/gcc/avr/4.3.3/avr5\libgcc.a(_copy_data.o)
                              ./HAL/KEYPAD/KEYPAD.o (__do_copy_data)
e:/imt/tools/imt_sdk_win_64/winavr/bin/../lib/gcc/avr/4.3.3/avr5\libgcc.a(_clear_bss.o)
                              ./RTOS/RTOS.o (__do_clear_bss)
e:/imt/tools/imt_sdk_win_64/winavr/bin/../lib/gcc/avr/4.3.3/avr5\libgcc.a(_fixunssfsi.o)
                              ./MCAL/TIMER1/TIMER1.o (__fixunssfsi)
e:/imt/tools/imt_sdk_win_64/winavr/bin/../lib/gcc/avr/4.3.3/avr5\libgcc.a(_addsub_sf.o)
                              ./HAL/LCD/LCD.o (__subsf3)
e:/imt/tools/imt_sdk_win_64/winavr/bin/../lib/gcc/avr/4.3.3/avr5\libgcc.a(_mul_sf.o)
                              ./MCAL/TIMER1/TIMER1.o (__mulsf3)
e:/imt/tools/imt_sdk_win_64/winavr/bin/../lib/gcc/avr/4.3.3/avr5\libgcc.a(_div_sf.o)
                              ./MCAL/TIMER1/TIMER1.o (__divsf3)
e:/imt/tools/imt_sdk_win_64/winavr/bin/../lib/gcc/avr/4.3.3/avr5\libgcc.a(_gt_sf.o)
                              ./HAL/SEV_SEG/SEV_SEG.o (__gtsf2)
e:/imt/tools/imt_sdk_win_64/winavr/bin/../lib/gcc/avr/4.3.3/avr5\libgcc.a(_ge_sf.o)
                              e:/imt/tools/imt_sdk_win_64/winavr/bin/../lib/gcc/avr/4.3.3/avr5\libgcc.a(_fixunssfsi.o) (__gesf2)
e:/imt/tools/imt_sdk_win_64/winavr/bin/../lib/gcc/avr/4.3.3/avr5\libgcc.a(_lt_sf.o)
                              ./HAL/SEV_SEG/SEV_SEG.o (__ltsf2)
e:/imt/tools/imt_sdk_win_64/winavr/bin/../lib/gcc/avr/4.3.3/avr5\libgcc.a(_si_to_sf.o)
                              ./MCAL/TIMER1/TIMER1.o (__floatsisf)
e:/imt/tools/imt_sdk_win_64/winavr/bin/../lib/gcc/avr/4.3.3/avr5\libgcc.a(_sf_to_si.o)
                              e:/imt/tools/imt_sdk_win_64/winavr/bin/../lib/gcc/avr/4.3.3/avr5\libgcc.a(_fixunssfsi.o) (__fixsfsi)
e:/imt/tools/imt_sdk_win_64/winavr/bin/../lib/gcc/avr/4.3.3/avr5\libgcc.a(_thenan_sf.o)
                              e:/imt/tools/imt_sdk_win_64/winavr/bin/../lib/gcc/avr/4.3.3/avr5\libgcc.a(_addsub_sf.o) (__thenan_sf)
e:/imt/tools/imt_sdk_win_64/winavr/bin/../lib/gcc/avr/4.3.3/avr5\libgcc.a(_usi_to_sf.o)
                              ./MCAL/TIMER1/TIMER1.o (__floatunsisf)
e:/imt/tools/imt_sdk_win_64/winavr/bin/../lib/gcc/avr/4.3.3/avr5\libgcc.a(_prologue.o)
                              e:/imt/tools/imt_sdk_win_64/winavr/bin/../lib/gcc/avr/4.3.3/avr5\libgcc.a(_addsub_sf.o) (__prologue_saves__)
e:/imt/tools/imt_sdk_win_64/winavr/bin/../lib/gcc/avr/4.3.3/avr5\libgcc.a(_epilogue.o)
                              e:/imt/tools/imt_sdk_win_64/winavr/bin/../lib/gcc/avr/4.3.3/avr5\libgcc.a(_addsub_sf.o) (__epilogue_restores__)
e:/imt/tools/imt_sdk_win_64/winavr/bin/../lib/gcc/avr/4.3.3/avr5\libgcc.a(_clzsi2.o)
                              e:/imt/tools/imt_sdk_win_64/winavr/bin/../lib/gcc/avr/4.3.3/avr5\libgcc.a(_si_to_sf.o) (__clzsi2)
e:/imt/tools/imt_sdk_win_64/winavr/bin/../lib/gcc/avr/4.3.3/avr5\libgcc.a(_pack_sf.o)
                              e:/imt/tools/imt_sdk_win_64/winavr/bin/../lib/gcc/avr/4.3.3/avr5\libgcc.a(_addsub_sf.o) (__pack_f)
e:/imt/tools/imt_sdk_win_64/winavr/bin/../lib/gcc/avr/4.3.3/avr5\libgcc.a(_unpack_sf.o)
                              e:/imt/tools/imt_sdk_win_64/winavr/bin/../lib/gcc/avr/4.3.3/avr5\libgcc.a(_addsub_sf.o) (__unpack_f)
e:/imt/tools/imt_sdk_win_64/winavr/bin/../lib/gcc/avr/4.3.3/avr5\libgcc.a(_fpcmp_parts_sf.o)
                              e:/imt/tools/imt_sdk_win_64/winavr/bin/../lib/gcc/avr/4.3.3/avr5\libgcc.a(_gt_sf.o) (__fpcmp_parts_f)
e:/imt/tools/imt_sdk_win_64/winavr/bin/../lib/gcc/avr/4.3.3/avr5\libgcc.a(_clz.o)
                              e:/imt/tools/imt_sdk_win_64/winavr/bin/../lib/gcc/avr/4.3.3/avr5\libgcc.a(_clzsi2.o) (__clz_tab)

Allocating common symbols
Common symbol       size              file

TIMER0_CALL_BACK_PF
                    0x2               ./MCAL/TIMER0/TIMER0.o
ArrOfTasks          0x1c              ./RTOS/RTOS.o

Memory Configuration

Name             Origin             Length             Attributes
text             0x00000000         0x00020000         xr
data             0x00800060         0x0000ffa0         rw !x
eeprom           0x00810000         0x00010000         rw !x
fuse             0x00820000         0x00000400         rw !x
lock             0x00830000         0x00000400         rw !x
signature        0x00840000         0x00000400         rw !x
*default*        0x00000000         0xffffffff

Linker script and memory map

LOAD e:/imt/tools/imt_sdk_win_64/winavr/bin/../lib/gcc/avr/4.3.3/../../../../avr/lib/avr5/crtm32.o
LOAD ./RTOS/RTOS.o
LOAD ./MCAL/WDT/WDT.o
LOAD ./MCAL/UART/UART.o
LOAD ./MCAL/TWI/TWI.o
LOAD ./MCAL/TIMER2/TIMER2.o
LOAD ./MCAL/TIMER1/TIMER1.o
LOAD ./MCAL/TIMER0/TIMER0.o
LOAD ./MCAL/SPI/SPI.o
LOAD ./MCAL/ICU/ICU.o
LOAD ./MCAL/GI/GI.o
LOAD ./MCAL/EXT_INT/EXT_INT.o
LOAD ./MCAL/DIO/DIO_Program.o
LOAD ./MCAL/ADC/ADC.o
LOAD ./HAL/TEMP_SENSOR/TEMP_SENSOR.o
LOAD ./HAL/SWITCH/SWITCH.o
LOAD ./HAL/STEPPER_MOTOR/STEPPER_MOTOR.o
LOAD ./HAL/SEV_SEG/SEV_SEG.o
LOAD ./HAL/LED/LED.o
LOAD ./HAL/LDR/LDR.o
LOAD ./HAL/LCD/LCD.o
LOAD ./HAL/KEYPAD/KEYPAD.o
LOAD ./HAL/EEPROM/EEPROM.o
LOAD ./HAL/DC_MOTOR/DC_MOTOR.o
LOAD ./APP/Simple_Calculator/Simple_Calculator.o
LOAD ./APP/Name_Wave/Name_Wave.o
LOAD ./APP/LED_Animations/LED_Animations.o
LOAD ./APP/DC_MOTOR_Rotaions/DC_MOTOR_Rotaions.o
LOAD ./main.o
LOAD e:/imt/tools/imt_sdk_win_64/winavr/bin/../lib/gcc/avr/4.3.3/avr5\libgcc.a
LOAD e:/imt/tools/imt_sdk_win_64/winavr/bin/../lib/gcc/avr/4.3.3/../../../../avr/lib/avr5\libc.a
LOAD e:/imt/tools/imt_sdk_win_64/winavr/bin/../lib/gcc/avr/4.3.3/avr5\libgcc.a

.hash
 *(.hash)

.dynsym
 *(.dynsym)

.dynstr
 *(.dynstr)

.gnu.version
 *(.gnu.version)

.gnu.version_d
 *(.gnu.version_d)

.gnu.version_r
 *(.gnu.version_r)

.rel.init
 *(.rel.init)

.rela.init
 *(.rela.init)

.rel.text
 *(.rel.text)
 *(.rel.text.*)
 *(.rel.gnu.linkonce.t*)

.rela.text
 *(.rela.text)
 *(.rela.text.*)
 *(.rela.gnu.linkonce.t*)

.rel.fini
 *(.rel.fini)

.rela.fini
 *(.rela.fini)

.rel.rodata
 *(.rel.rodata)
 *(.rel.rodata.*)
 *(.rel.gnu.linkonce.r*)

.rela.rodata
 *(.rela.rodata)
 *(.rela.rodata.*)
 *(.rela.gnu.linkonce.r*)

.rel.data
 *(.rel.data)
 *(.rel.data.*)
 *(.rel.gnu.linkonce.d*)

.rela.data
 *(.rela.data)
 *(.rela.data.*)
 *(.rela.gnu.linkonce.d*)

.rel.ctors
 *(.rel.ctors)

.rela.ctors
 *(.rela.ctors)

.rel.dtors
 *(.rel.dtors)

.rela.dtors
 *(.rela.dtors)

.rel.got
 *(.rel.got)

.rela.got
 *(.rela.got)

.rel.bss
 *(.rel.bss)

.rela.bss
 *(.rela.bss)

.rel.plt
 *(.rel.plt)

.rela.plt
 *(.rela.plt)

.text           0x00000000     0x3a0a
 *(.vectors)
 .vectors       0x00000000       0x54 e:/imt/tools/imt_sdk_win_64/winavr/bin/../lib/gcc/avr/4.3.3/../../../../avr/lib/avr5/crtm32.o
                0x00000000                __vectors
                0x00000000                __vector_default
 *(.vectors)
 *(.progmem.gcc*)
 *(.progmem*)
                0x00000054                . = ALIGN (0x2)
                0x00000054                __trampolines_start = .
 *(.trampolines)
 .trampolines   0x00000054        0x0 linker stubs
 *(.trampolines*)
                0x00000054                __trampolines_end = .
 *(.jumptables)
 *(.jumptables*)
 *(.lowtext)
 *(.lowtext*)
                0x00000054                __ctors_start = .
 *(.ctors)
                0x00000054                __ctors_end = .
                0x00000054                __dtors_start = .
 *(.dtors)
                0x00000054                __dtors_end = .
 SORT(*)(.ctors)
 SORT(*)(.dtors)
 *(.init0)
 .init0         0x00000054        0x0 e:/imt/tools/imt_sdk_win_64/winavr/bin/../lib/gcc/avr/4.3.3/../../../../avr/lib/avr5/crtm32.o
                0x00000054                __init
 *(.init0)
 *(.init1)
 *(.init1)
 *(.init2)
 .init2         0x00000054        0xc e:/imt/tools/imt_sdk_win_64/winavr/bin/../lib/gcc/avr/4.3.3/../../../../avr/lib/avr5/crtm32.o
 *(.init2)
 *(.init3)
 *(.init3)
 *(.init4)
 .init4         0x00000060       0x16 e:/imt/tools/imt_sdk_win_64/winavr/bin/../lib/gcc/avr/4.3.3/avr5\libgcc.a(_copy_data.o)
                0x00000060                __do_copy_data
 .init4         0x00000076       0x10 e:/imt/tools/imt_sdk_win_64/winavr/bin/../lib/gcc/avr/4.3.3/avr5\libgcc.a(_clear_bss.o)
                0x00000076                __do_clear_bss
 *(.init4)
 *(.init5)
 *(.init5)
 *(.init6)
 *(.init6)
 *(.init7)
 *(.init7)
 *(.init8)
 *(.init8)
 *(.init9)
 .init9         0x00000086        0x8 e:/imt/tools/imt_sdk_win_64/winavr/bin/../lib/gcc/avr/4.3.3/../../../../avr/lib/avr5/crtm32.o
 *(.init9)
 *(.text)
 .text          0x0000008e        0x4 e:/imt/tools/imt_sdk_win_64/winavr/bin/../lib/gcc/avr/4.3.3/../../../../avr/lib/avr5/crtm32.o
                0x0000008e                __vector_12
                0x0000008e                __bad_interrupt
                0x0000008e                __vector_13
                0x0000008e                __vector_17
                0x0000008e                __vector_19
                0x0000008e                __vector_7
                0x0000008e                __vector_5
                0x0000008e                __vector_4
                0x0000008e                __vector_9
                0x0000008e                __vector_15
                0x0000008e                __vector_8
                0x0000008e                __vector_14
                0x0000008e                __vector_16
                0x0000008e                __vector_18
                0x0000008e                __vector_20
 .text          0x00000092        0x0 ./RTOS/RTOS.o
 .text          0x00000092        0x0 ./MCAL/WDT/WDT.o
 .text          0x00000092        0x0 ./MCAL/UART/UART.o
 .text          0x00000092        0x0 ./MCAL/TWI/TWI.o
 .text          0x00000092        0x0 ./MCAL/TIMER2/TIMER2.o
 .text          0x00000092        0x0 ./MCAL/TIMER1/TIMER1.o
 .text          0x00000092        0x0 ./MCAL/TIMER0/TIMER0.o
 .text          0x00000092        0x0 ./MCAL/SPI/SPI.o
 .text          0x00000092        0x0 ./MCAL/ICU/ICU.o
 .text          0x00000092        0x0 ./MCAL/GI/GI.o
 .text          0x00000092        0x0 ./MCAL/EXT_INT/EXT_INT.o
 .text          0x00000092        0x0 ./MCAL/DIO/DIO_Program.o
 .text          0x00000092        0x0 ./MCAL/ADC/ADC.o
 .text          0x00000092        0x0 ./HAL/TEMP_SENSOR/TEMP_SENSOR.o
 .text          0x00000092        0x0 ./HAL/SWITCH/SWITCH.o
 .text          0x00000092        0x0 ./HAL/STEPPER_MOTOR/STEPPER_MOTOR.o
 .text          0x00000092        0x0 ./HAL/SEV_SEG/SEV_SEG.o
 .text          0x00000092        0x0 ./HAL/LED/LED.o
 .text          0x00000092        0x0 ./HAL/LDR/LDR.o
 .text          0x00000092        0x0 ./HAL/LCD/LCD.o
 .text          0x00000092        0x0 ./HAL/KEYPAD/KEYPAD.o
 .text          0x00000092        0x0 ./HAL/EEPROM/EEPROM.o
 .text          0x00000092        0x0 ./HAL/DC_MOTOR/DC_MOTOR.o
 .text          0x00000092        0x0 ./APP/Simple_Calculator/Simple_Calculator.o
 .text          0x00000092        0x0 ./APP/Name_Wave/Name_Wave.o
 .text          0x00000092        0x0 ./APP/LED_Animations/LED_Animations.o
 .text          0x00000092        0x0 ./APP/DC_MOTOR_Rotaions/DC_MOTOR_Rotaions.o
 .text          0x00000092        0x0 ./main.o
 .text          0x00000092        0x0 e:/imt/tools/imt_sdk_win_64/winavr/bin/../lib/gcc/avr/4.3.3/avr5\libgcc.a(_mulsi3.o)
 .text          0x00000092        0x0 e:/imt/tools/imt_sdk_win_64/winavr/bin/../lib/gcc/avr/4.3.3/avr5\libgcc.a(_udivmodqi4.o)
 .text          0x00000092        0x0 e:/imt/tools/imt_sdk_win_64/winavr/bin/../lib/gcc/avr/4.3.3/avr5\libgcc.a(_udivmodhi4.o)
 .text          0x00000092        0x0 e:/imt/tools/imt_sdk_win_64/winavr/bin/../lib/gcc/avr/4.3.3/avr5\libgcc.a(_udivmodsi4.o)
 .text          0x00000092        0x0 e:/imt/tools/imt_sdk_win_64/winavr/bin/../lib/gcc/avr/4.3.3/avr5\libgcc.a(_exit.o)
 .text          0x00000092        0x0 e:/imt/tools/imt_sdk_win_64/winavr/bin/../lib/gcc/avr/4.3.3/avr5\libgcc.a(_copy_data.o)
 .text          0x00000092        0x0 e:/imt/tools/imt_sdk_win_64/winavr/bin/../lib/gcc/avr/4.3.3/avr5\libgcc.a(_clear_bss.o)
 .text          0x00000092       0x58 e:/imt/tools/imt_sdk_win_64/winavr/bin/../lib/gcc/avr/4.3.3/avr5\libgcc.a(_fixunssfsi.o)
                0x00000092                __fixunssfsi
 .text          0x000000ea      0x354 e:/imt/tools/imt_sdk_win_64/winavr/bin/../lib/gcc/avr/4.3.3/avr5\libgcc.a(_addsub_sf.o)
                0x00000382                __subsf3
                0x000003e4                __addsf3
 .text          0x0000043e      0x1f4 e:/imt/tools/imt_sdk_win_64/winavr/bin/../lib/gcc/avr/4.3.3/avr5\libgcc.a(_mul_sf.o)
                0x0000043e                __mulsf3
 .text          0x00000632      0x158 e:/imt/tools/imt_sdk_win_64/winavr/bin/../lib/gcc/avr/4.3.3/avr5\libgcc.a(_div_sf.o)
                0x00000632                __divsf3
 .text          0x0000078a       0x60 e:/imt/tools/imt_sdk_win_64/winavr/bin/../lib/gcc/avr/4.3.3/avr5\libgcc.a(_gt_sf.o)
                0x0000078a                __gtsf2
 .text          0x000007ea       0x60 e:/imt/tools/imt_sdk_win_64/winavr/bin/../lib/gcc/avr/4.3.3/avr5\libgcc.a(_ge_sf.o)
                0x000007ea                __gesf2
 .text          0x0000084a       0x60 e:/imt/tools/imt_sdk_win_64/winavr/bin/../lib/gcc/avr/4.3.3/avr5\libgcc.a(_lt_sf.o)
                0x0000084a                __ltsf2
 .text          0x000008aa       0xbc e:/imt/tools/imt_sdk_win_64/winavr/bin/../lib/gcc/avr/4.3.3/avr5\libgcc.a(_si_to_sf.o)
                0x000008aa                __floatsisf
 .text          0x00000966       0xa8 e:/imt/tools/imt_sdk_win_64/winavr/bin/../lib/gcc/avr/4.3.3/avr5\libgcc.a(_sf_to_si.o)
                0x00000966                __fixsfsi
 .text          0x00000a0e        0x0 e:/imt/tools/imt_sdk_win_64/winavr/bin/../lib/gcc/avr/4.3.3/avr5\libgcc.a(_thenan_sf.o)
 .text          0x00000a0e       0xf2 e:/imt/tools/imt_sdk_win_64/winavr/bin/../lib/gcc/avr/4.3.3/avr5\libgcc.a(_usi_to_sf.o)
                0x00000a0e                __floatunsisf
 .text          0x00000b00        0x0 e:/imt/tools/imt_sdk_win_64/winavr/bin/../lib/gcc/avr/4.3.3/avr5\libgcc.a(_prologue.o)
 .text          0x00000b00        0x0 e:/imt/tools/imt_sdk_win_64/winavr/bin/../lib/gcc/avr/4.3.3/avr5\libgcc.a(_epilogue.o)
 .text          0x00000b00       0x9e e:/imt/tools/imt_sdk_win_64/winavr/bin/../lib/gcc/avr/4.3.3/avr5\libgcc.a(_clzsi2.o)
                0x00000b00                __clzsi2
 .text          0x00000b9e      0x1aa e:/imt/tools/imt_sdk_win_64/winavr/bin/../lib/gcc/avr/4.3.3/avr5\libgcc.a(_pack_sf.o)
                0x00000b9e                __pack_f
 .text          0x00000d48       0xf0 e:/imt/tools/imt_sdk_win_64/winavr/bin/../lib/gcc/avr/4.3.3/avr5\libgcc.a(_unpack_sf.o)
                0x00000d48                __unpack_f
 .text          0x00000e38       0xb2 e:/imt/tools/imt_sdk_win_64/winavr/bin/../lib/gcc/avr/4.3.3/avr5\libgcc.a(_fpcmp_parts_sf.o)
                0x00000e38                __fpcmp_parts_f
 .text          0x00000eea        0x0 e:/imt/tools/imt_sdk_win_64/winavr/bin/../lib/gcc/avr/4.3.3/avr5\libgcc.a(_clz.o)
                0x00000eea                . = ALIGN (0x2)
 *(.text.*)
 .text.RTOS_CreateTask
                0x00000eea       0x28 ./RTOS/RTOS.o
                0x00000eea                RTOS_CreateTask
 .text.RTOS_SchedulerStart
                0x00000f12       0x30 ./RTOS/RTOS.o
                0x00000f12                RTOS_SchedulerStart
 .text.RTOS_Init
                0x00000f42       0x22 ./RTOS/RTOS.o
                0x00000f42                RTOS_Init
 .text.WDT_Start
                0x00000f64        0x8 ./MCAL/WDT/WDT.o
                0x00000f64                WDT_Start
 .text.WDT_Clear
                0x00000f6c        0x4 ./MCAL/WDT/WDT.o
                0x00000f6c                WDT_Clear
 .text.WDT_SetTimeOut
                0x00000f70       0x88 ./MCAL/WDT/WDT.o
                0x00000f70                WDT_SetTimeOut
 .text.UART_Init
                0x00000ff8       0x36 ./MCAL/UART/UART.o
                0x00000ff8                UART_Init
 .text.UART_Transmit
                0x0000102e        0xc ./MCAL/UART/UART.o
                0x0000102e                UART_Transmit
 .text.UART_Receive
                0x0000103a        0x8 ./MCAL/UART/UART.o
                0x0000103a                UART_Receive
 .text.TWI_MasterInit
                0x00001042       0x12 ./MCAL/TWI/TWI.o
                0x00001042                TWI_MasterInit
 .text.TWI_SlaveInit
                0x00001054       0x12 ./MCAL/TWI/TWI.o
                0x00001054                TWI_SlaveInit
 .text.TWI_StartCondition
                0x00001066       0x1c ./MCAL/TWI/TWI.o
                0x00001066                TWI_StartCondition
 .text.TWI_StopCondition
                0x00001082        0xe ./MCAL/TWI/TWI.o
                0x00001082                TWI_StopCondition
 .text.TWI_SendSlaveAddressWithWrite
                0x00001090       0x1c ./MCAL/TWI/TWI.o
                0x00001090                TWI_SendSlaveAddressWithWrite
 .text.TWI_SendSlaveAddressWithRead
                0x000010ac       0x1c ./MCAL/TWI/TWI.o
                0x000010ac                TWI_SendSlaveAddressWithRead
 .text.TWI_MasterWriteData
                0x000010c8       0x18 ./MCAL/TWI/TWI.o
                0x000010c8                TWI_MasterWriteData
 .text.TWI_MasterReadData
                0x000010e0       0x18 ./MCAL/TWI/TWI.o
                0x000010e0                TWI_MasterReadData
 .text.TWI_RepeatedStartCondition
                0x000010f8       0x1c ./MCAL/TWI/TWI.o
                0x000010f8                TWI_RepeatedStartCondition
 .text.TWI_ReadStatusCode
                0x00001114       0x6c ./MCAL/TWI/TWI.o
                0x00001114                TWI_ReadStatusCode
 .text.TIMER2_Start
                0x00001180       0x68 ./MCAL/TIMER2/TIMER2.o
                0x00001180                TIMER2_Start
 .text.TIMER2_Init
                0x000011e8       0x18 ./MCAL/TIMER2/TIMER2.o
                0x000011e8                TIMER2_Init
 .text.PWM1_Init
                0x00001200       0x26 ./MCAL/TIMER1/TIMER1.o
                0x00001200                PWM1_Init
 .text.PWM1_SetDutyCycle
                0x00001226       0x72 ./MCAL/TIMER1/TIMER1.o
                0x00001226                PWM1_SetDutyCycle
 .text.PWM1_SetFrequency
                0x00001298       0x28 ./MCAL/TIMER1/TIMER1.o
                0x00001298                PWM1_SetFrequency
 .text.PWM1_Start
                0x000012c0       0x14 ./MCAL/TIMER1/TIMER1.o
                0x000012c0                PWM1_Start
 .text.PWM1_Stop
                0x000012d4       0x14 ./MCAL/TIMER1/TIMER1.o
                0x000012d4                PWM1_Stop
 .text.TIMER0_Start
                0x000012e8       0x68 ./MCAL/TIMER0/TIMER0.o
                0x000012e8                TIMER0_Start
 .text.TIMER0_Stop
                0x00001350       0x14 ./MCAL/TIMER0/TIMER0.o
                0x00001350                TIMER0_Stop
 .text.TIMER0_SetTime
                0x00001364       0x8c ./MCAL/TIMER0/TIMER0.o
                0x00001364                TIMER0_SetTime
 .text.TIMER0_Set_OC0_Pin
                0x000013f0       0x32 ./MCAL/TIMER0/TIMER0.o
                0x000013f0                TIMER0_Set_OC0_Pin
 .text.TIMER0_Set_CTC
                0x00001422        0x4 ./MCAL/TIMER0/TIMER0.o
                0x00001422                TIMER0_Set_CTC
 .text.TIMER0_CallBack
                0x00001426        0xa ./MCAL/TIMER0/TIMER0.o
                0x00001426                TIMER0_CallBack
 .text.__vector_11
                0x00001430       0xac ./MCAL/TIMER0/TIMER0.o
                0x00001430                __vector_11
 .text.__vector_10
                0x000014dc       0x9e ./MCAL/TIMER0/TIMER0.o
                0x000014dc                __vector_10
 .text.TIMER0_Init
                0x0000157a       0x18 ./MCAL/TIMER0/TIMER0.o
                0x0000157a                TIMER0_Init
 .text.SPI_TRANCEIVER
                0x00001592       0x26 ./MCAL/SPI/SPI.o
                0x00001592                SPI_TRANCEIVER
 .text.SPI_Slave_Init
                0x000015b8       0x3a ./MCAL/SPI/SPI.o
                0x000015b8                SPI_Slave_Init
 .text.SPI_Master_Init
                0x000015f2       0x30 ./MCAL/SPI/SPI.o
                0x000015f2                SPI_Master_Init
 .text.ICU_SetTrigger
                0x00001622       0x1a ./MCAL/ICU/ICU.o
                0x00001622                ICU_SetTrigger
 .text.ICU_GetValue
                0x0000163c        0x8 ./MCAL/ICU/ICU.o
                0x0000163c                ICU_GetValue
 .text.ICU_DisplayPWM
                0x00001644       0x44 ./MCAL/ICU/ICU.o
                0x00001644                ICU_DisplayPWM
 .text.__vector_6
                0x00001688       0xc8 ./MCAL/ICU/ICU.o
                0x00001688                __vector_6
 .text.ICU_Init
                0x00001750       0x24 ./MCAL/ICU/ICU.o
                0x00001750                ICU_Init
 .text.GI_Enable
                0x00001774        0x8 ./MCAL/GI/GI.o
                0x00001774                GI_Enable
 .text.GI_Disable
                0x0000177c        0x8 ./MCAL/GI/GI.o
                0x0000177c                GI_Disable
 .text.EXT_INT_Enable
                0x00001784       0x28 ./MCAL/EXT_INT/EXT_INT.o
                0x00001784                EXT_INT_Enable
 .text.EXT_INT_Disable
                0x000017ac       0x28 ./MCAL/EXT_INT/EXT_INT.o
                0x000017ac                EXT_INT_Disable
 .text.EXT_INT_SenseControl
                0x000017d4       0xa4 ./MCAL/EXT_INT/EXT_INT.o
                0x000017d4                EXT_INT_SenseControl
 .text.EXT_INT_ReturnFlag
                0x00001878       0x38 ./MCAL/EXT_INT/EXT_INT.o
                0x00001878                EXT_INT_ReturnFlag
 .text.EXT_INT1_Callback
                0x000018b0        0xa ./MCAL/EXT_INT/EXT_INT.o
                0x000018b0                EXT_INT1_Callback
 .text.EXT_INT0_Callback
                0x000018ba        0xa ./MCAL/EXT_INT/EXT_INT.o
                0x000018ba                EXT_INT0_Callback
 .text.EXT_INT2_Callback
                0x000018c4        0xa ./MCAL/EXT_INT/EXT_INT.o
                0x000018c4                EXT_INT2_Callback
 .text.__vector_1
                0x000018ce       0x4e ./MCAL/EXT_INT/EXT_INT.o
                0x000018ce                __vector_1
 .text.__vector_2
                0x0000191c       0x4e ./MCAL/EXT_INT/EXT_INT.o
                0x0000191c                __vector_2
 .text.__vector_3
                0x0000196a       0x4e ./MCAL/EXT_INT/EXT_INT.o
                0x0000196a                __vector_3
 .text.DIO_INIT
                0x000019b8       0x1a ./MCAL/DIO/DIO_Program.o
                0x000019b8                DIO_INIT
 .text.DIO_SetPinDirection
                0x000019d2       0xf8 ./MCAL/DIO/DIO_Program.o
                0x000019d2                DIO_SetPinDirection
 .text.DIO_SetPinValue
                0x00001aca       0xf8 ./MCAL/DIO/DIO_Program.o
                0x00001aca                DIO_SetPinValue
 .text.DIO_ReadPin
                0x00001bc2       0x54 ./MCAL/DIO/DIO_Program.o
                0x00001bc2                DIO_ReadPin
 .text.DIO_TogglePin
                0x00001c16       0x78 ./MCAL/DIO/DIO_Program.o
                0x00001c16                DIO_TogglePin
 .text.DIO_SetPortDirection
                0x00001c8e       0x5a ./MCAL/DIO/DIO_Program.o
                0x00001c8e                DIO_SetPortDirection
 .text.DIO_SetPortValue
                0x00001ce8       0x30 ./MCAL/DIO/DIO_Program.o
                0x00001ce8                DIO_SetPortValue
 .text.DIO_ReadPort
                0x00001d18       0x38 ./MCAL/DIO/DIO_Program.o
                0x00001d18                DIO_ReadPort
 .text.DIO_TogglePort
                0x00001d50       0x40 ./MCAL/DIO/DIO_Program.o
                0x00001d50                DIO_TogglePort
 .text.ADC_Init
                0x00001d90       0x12 ./MCAL/ADC/ADC.o
                0x00001d90                ADC_Init
 .text.ADC_READ
                0x00001da2       0x62 ./MCAL/ADC/ADC.o
                0x00001da2                ADC_READ
 .text.TEMP_SENSOR_Reading
                0x00001e04       0x3e ./HAL/TEMP_SENSOR/TEMP_SENSOR.o
                0x00001e04                TEMP_SENSOR_Reading
 .text.STEPPER_STEP
                0x00001e42       0x88 ./HAL/STEPPER_MOTOR/STEPPER_MOTOR.o
                0x00001e42                STEPPER_STEP
 .text.STEPPER_GoToSTEP
                0x00001eca       0x36 ./HAL/STEPPER_MOTOR/STEPPER_MOTOR.o
                0x00001eca                STEPPER_GoToSTEP
 .text.STEPPER_AntiClockWise_HalfStep
                0x00001f00       0x26 ./HAL/STEPPER_MOTOR/STEPPER_MOTOR.o
                0x00001f00                STEPPER_AntiClockWise_HalfStep
 .text.STEPPER_ClockWise_HalfStep
                0x00001f26       0x28 ./HAL/STEPPER_MOTOR/STEPPER_MOTOR.o
                0x00001f26                STEPPER_ClockWise_HalfStep
 .text.STEPPER_AntiClockWise_FullStep
                0x00001f4e       0x26 ./HAL/STEPPER_MOTOR/STEPPER_MOTOR.o
                0x00001f4e                STEPPER_AntiClockWise_FullStep
 .text.STEPPER_ClockWise_FullStep
                0x00001f74       0x28 ./HAL/STEPPER_MOTOR/STEPPER_MOTOR.o
                0x00001f74                STEPPER_ClockWise_FullStep
 .text.STEPPER_Stop
                0x00001f9c       0x2a ./HAL/STEPPER_MOTOR/STEPPER_MOTOR.o
                0x00001f9c                STEPPER_Stop
 .text.STEPPER_INIT
                0x00001fc6        0xa ./HAL/STEPPER_MOTOR/STEPPER_MOTOR.o
                0x00001fc6                STEPPER_INIT
 .text.SEV_SEG_DISPLAY_NUM
                0x00001fd0       0x7a ./HAL/SEV_SEG/SEV_SEG.o
                0x00001fd0                SEV_SEG_DISPLAY_NUM
 .text.SEV_SEG_TOG_NUM
                0x0000204a      0x122 ./HAL/SEV_SEG/SEV_SEG.o
                0x0000204a                SEV_SEG_TOG_NUM
 .text.SEV_SEG_COUNT_DOWN
                0x0000216c      0x168 ./HAL/SEV_SEG/SEV_SEG.o
                0x0000216c                SEV_SEG_COUNT_DOWN
 .text.SEV_SEG_COUNT_UP
                0x000022d4      0x16a ./HAL/SEV_SEG/SEV_SEG.o
                0x000022d4                SEV_SEG_COUNT_UP
 .text.SEV_SEG_INIT
                0x0000243e        0x8 ./HAL/SEV_SEG/SEV_SEG.o
                0x0000243e                SEV_SEG_INIT
 .text.LED_TOG  0x00002446        0x6 ./HAL/LED/LED.o
                0x00002446                LED_TOG
 .text.LED_OFF  0x0000244c        0x8 ./HAL/LED/LED.o
                0x0000244c                LED_OFF
 .text.LED_ON   0x00002454        0x8 ./HAL/LED/LED.o
                0x00002454                LED_ON
 .text.LED_INIT
                0x0000245c        0x8 ./HAL/LED/LED.o
                0x0000245c                LED_INIT
 .text.LDR_Reading
                0x00002464       0x28 ./HAL/LDR/LDR.o
                0x00002464                LDR_Reading
 .text.LDR_Intensity_Level
                0x0000248c       0x52 ./HAL/LDR/LDR.o
                0x0000248c                LDR_Intensity_Level
 .text.LCD_WriteInstruction
                0x000024de       0x48 ./HAL/LCD/LCD.o
                0x000024de                LCD_WriteInstruction
 .text.LCD_GoTo
                0x00002526       0x1e ./HAL/LCD/LCD.o
                0x00002526                LCD_GoTo
 .text.LCD_WriteChar
                0x00002544       0x48 ./HAL/LCD/LCD.o
                0x00002544                LCD_WriteChar
 .text.LCD_Write_Float_Number
                0x0000258c      0x21c ./HAL/LCD/LCD.o
                0x0000258c                LCD_Write_Float_Number
 .text.LCD_Write_Int_Number
                0x000027a8      0x110 ./HAL/LCD/LCD.o
                0x000027a8                LCD_Write_Int_Number
 .text.LCD_Write_Custom_Char
                0x000028b8       0x4c ./HAL/LCD/LCD.o
                0x000028b8                LCD_Write_Custom_Char
 .text.LCD_WriteString
                0x00002904       0x26 ./HAL/LCD/LCD.o
                0x00002904                LCD_WriteString
 .text.LCD_8bit_INIT
                0x0000292a       0x56 ./HAL/LCD/LCD.o
                0x0000292a                LCD_8bit_INIT
 .text.KEYPAD_GetKeyPressed
                0x00002980       0xc2 ./HAL/KEYPAD/KEYPAD.o
                0x00002980                KEYPAD_GetKeyPressed
 .text.KEYPAD_INIT
                0x00002a42       0x12 ./HAL/KEYPAD/KEYPAD.o
                0x00002a42                KEYPAD_INIT
 .text.EEPROM_ReadByte
                0x00002a54       0x3e ./HAL/EEPROM/EEPROM.o
                0x00002a54                EEPROM_ReadByte
 .text.EEPROM_WriteByte
                0x00002a92       0x32 ./HAL/EEPROM/EEPROM.o
                0x00002a92                EEPROM_WriteByte
 .text.MOTOR_Stop
                0x00002ac4       0x18 ./HAL/DC_MOTOR/DC_MOTOR.o
                0x00002ac4                MOTOR_Stop
 .text.MOTOR_AntiClockWise
                0x00002adc       0x18 ./HAL/DC_MOTOR/DC_MOTOR.o
                0x00002adc                MOTOR_AntiClockWise
 .text.MOTOR_ClockWise
                0x00002af4       0x18 ./HAL/DC_MOTOR/DC_MOTOR.o
                0x00002af4                MOTOR_ClockWise
 .text.MOTOR_INIT
                0x00002b0c       0x18 ./HAL/DC_MOTOR/DC_MOTOR.o
                0x00002b0c                MOTOR_INIT
 .text.Name_In_Sinosuidal_Wave
                0x00002b24       0x78 ./APP/Name_Wave/Name_Wave.o
                0x00002b24                Name_In_Sinosuidal_Wave
 .text.LEDs_Converge_Or_Diverge_Every_300_ms
                0x00002b9c      0x206 ./APP/LED_Animations/LED_Animations.o
                0x00002b9c                LEDs_Converge_Or_Diverge_Every_300_ms
 .text.Snake_Effect_Every_300_ms
                0x00002da2      0x154 ./APP/LED_Animations/LED_Animations.o
                0x00002da2                Snake_Effect_Every_300_ms
 .text.Ping_Pong_Every_250_ms
                0x00002ef6      0x178 ./APP/LED_Animations/LED_Animations.o
                0x00002ef6                Ping_Pong_Every_250_ms
 .text.Two_LEDs_Diverge_Every_300_ms
                0x0000306e      0x11a ./APP/LED_Animations/LED_Animations.o
                0x0000306e                Two_LEDs_Diverge_Every_300_ms
 .text.Two_LEDs_Converge_Every_300_ms
                0x00003188      0x11a ./APP/LED_Animations/LED_Animations.o
                0x00003188                Two_LEDs_Converge_Every_300_ms
 .text.Shift_Right_Every_250_ms
                0x000032a2      0x17a ./APP/LED_Animations/LED_Animations.o
                0x000032a2                Shift_Right_Every_250_ms
 .text.Shift_Left_Every_250_ms
                0x0000341c      0x178 ./APP/LED_Animations/LED_Animations.o
                0x0000341c                Shift_Left_Every_250_ms
 .text.Flash_Every_500_ms
                0x00003594       0x62 ./APP/LED_Animations/LED_Animations.o
                0x00003594                Flash_Every_500_ms
 .text.DC_MOTOR_RotaionsWithLabels
                0x000035f6       0x92 ./APP/DC_MOTOR_Rotaions/DC_MOTOR_Rotaions.o
                0x000035f6                DC_MOTOR_RotaionsWithLabels
 .text.LDR_Reading_Handler
                0x00003688      0x126 ./main.o
                0x00003688                LDR_Reading_Handler
 .text.Temperature_Reading_Handler
                0x000037ae       0x68 ./main.o
                0x000037ae                Temperature_Reading_Handler
 .text.App1     0x00003816       0x7e ./main.o
                0x00003816                App1
 .text.main     0x00003894       0x42 ./main.o
                0x00003894                main
 .text.libgcc   0x000038d6       0x3e e:/imt/tools/imt_sdk_win_64/winavr/bin/../lib/gcc/avr/4.3.3/avr5\libgcc.a(_mulsi3.o)
                0x000038d6                __mulsi3
 .text.libgcc   0x00003914       0x18 e:/imt/tools/imt_sdk_win_64/winavr/bin/../lib/gcc/avr/4.3.3/avr5\libgcc.a(_udivmodqi4.o)
                0x00003914                __udivmodqi4
 .text.libgcc   0x0000392c       0x28 e:/imt/tools/imt_sdk_win_64/winavr/bin/../lib/gcc/avr/4.3.3/avr5\libgcc.a(_udivmodhi4.o)
                0x0000392c                __udivmodhi4
 .text.libgcc   0x00003954       0x44 e:/imt/tools/imt_sdk_win_64/winavr/bin/../lib/gcc/avr/4.3.3/avr5\libgcc.a(_udivmodsi4.o)
                0x00003954                __udivmodsi4
 .text.libgcc   0x00003998        0x0 e:/imt/tools/imt_sdk_win_64/winavr/bin/../lib/gcc/avr/4.3.3/avr5\libgcc.a(_exit.o)
 .text.libgcc   0x00003998        0x0 e:/imt/tools/imt_sdk_win_64/winavr/bin/../lib/gcc/avr/4.3.3/avr5\libgcc.a(_copy_data.o)
 .text.libgcc   0x00003998        0x0 e:/imt/tools/imt_sdk_win_64/winavr/bin/../lib/gcc/avr/4.3.3/avr5\libgcc.a(_clear_bss.o)
 .text.libgcc   0x00003998       0x38 e:/imt/tools/imt_sdk_win_64/winavr/bin/../lib/gcc/avr/4.3.3/avr5\libgcc.a(_prologue.o)
                0x00003998                __prologue_saves__
 .text.libgcc   0x000039d0       0x36 e:/imt/tools/imt_sdk_win_64/winavr/bin/../lib/gcc/avr/4.3.3/avr5\libgcc.a(_epilogue.o)
                0x000039d0                __epilogue_restores__
                0x00003a06                . = ALIGN (0x2)
 *(.fini9)
 .fini9         0x00003a06        0x0 e:/imt/tools/imt_sdk_win_64/winavr/bin/../lib/gcc/avr/4.3.3/avr5\libgcc.a(_exit.o)
                0x00003a06                exit
                0x00003a06                _exit
 *(.fini9)
 *(.fini8)
 *(.fini8)
 *(.fini7)
 *(.fini7)
 *(.fini6)
 *(.fini6)
 *(.fini5)
 *(.fini5)
 *(.fini4)
 *(.fini4)
 *(.fini3)
 *(.fini3)
 *(.fini2)
 *(.fini2)
 *(.fini1)
 *(.fini1)
 *(.fini0)
 .fini0         0x00003a06        0x4 e:/imt/tools/imt_sdk_win_64/winavr/bin/../lib/gcc/avr/4.3.3/avr5\libgcc.a(_exit.o)
 *(.fini0)
                0x00003a0a                _etext = .

.data           0x00800060      0x180 load address 0x00003a0a
                0x00800060                PROVIDE (__data_start, .)
 *(.data)
 .data          0x00800060        0x0 e:/imt/tools/imt_sdk_win_64/winavr/bin/../lib/gcc/avr/4.3.3/../../../../avr/lib/avr5/crtm32.o
 .data          0x00800060        0x0 ./RTOS/RTOS.o
 .data          0x00800060        0x0 ./MCAL/WDT/WDT.o
 .data          0x00800060        0x0 ./MCAL/UART/UART.o
 .data          0x00800060        0x0 ./MCAL/TWI/TWI.o
 .data          0x00800060        0x0 ./MCAL/TIMER2/TIMER2.o
 .data          0x00800060        0x0 ./MCAL/TIMER1/TIMER1.o
 .data          0x00800060        0x0 ./MCAL/TIMER0/TIMER0.o
 .data          0x00800060        0x0 ./MCAL/SPI/SPI.o
 .data          0x00800060        0x0 ./MCAL/ICU/ICU.o
 .data          0x00800060        0x0 ./MCAL/GI/GI.o
 .data          0x00800060        0x0 ./MCAL/EXT_INT/EXT_INT.o
 .data          0x00800060        0x0 ./MCAL/DIO/DIO_Program.o
 .data          0x00800060        0x0 ./MCAL/ADC/ADC.o
 .data          0x00800060        0x0 ./HAL/TEMP_SENSOR/TEMP_SENSOR.o
 .data          0x00800060        0x0 ./HAL/SWITCH/SWITCH.o
 .data          0x00800060        0x0 ./HAL/STEPPER_MOTOR/STEPPER_MOTOR.o
 .data          0x00800060        0x0 ./HAL/SEV_SEG/SEV_SEG.o
 .data          0x00800060        0x0 ./HAL/LED/LED.o
 .data          0x00800060        0x0 ./HAL/LDR/LDR.o
 .data          0x00800060        0x0 ./HAL/LCD/LCD.o
 .data          0x00800060        0x0 ./HAL/KEYPAD/KEYPAD.o
 .data          0x00800060        0x0 ./HAL/EEPROM/EEPROM.o
 .data          0x00800060        0x0 ./HAL/DC_MOTOR/DC_MOTOR.o
 .data          0x00800060        0x0 ./APP/Simple_Calculator/Simple_Calculator.o
 .data          0x00800060        0x0 ./APP/Name_Wave/Name_Wave.o
 .data          0x00800060        0x0 ./APP/LED_Animations/LED_Animations.o
 .data          0x00800060       0x19 ./APP/DC_MOTOR_Rotaions/DC_MOTOR_Rotaions.o
 .data          0x00800079       0x4f ./main.o
 .data          0x008000c8        0x0 e:/imt/tools/imt_sdk_win_64/winavr/bin/../lib/gcc/avr/4.3.3/avr5\libgcc.a(_mulsi3.o)
 .data          0x008000c8        0x0 e:/imt/tools/imt_sdk_win_64/winavr/bin/../lib/gcc/avr/4.3.3/avr5\libgcc.a(_udivmodqi4.o)
 .data          0x008000c8        0x0 e:/imt/tools/imt_sdk_win_64/winavr/bin/../lib/gcc/avr/4.3.3/avr5\libgcc.a(_udivmodhi4.o)
 .data          0x008000c8        0x0 e:/imt/tools/imt_sdk_win_64/winavr/bin/../lib/gcc/avr/4.3.3/avr5\libgcc.a(_udivmodsi4.o)
 .data          0x008000c8        0x0 e:/imt/tools/imt_sdk_win_64/winavr/bin/../lib/gcc/avr/4.3.3/avr5\libgcc.a(_exit.o)
 .data          0x008000c8        0x0 e:/imt/tools/imt_sdk_win_64/winavr/bin/../lib/gcc/avr/4.3.3/avr5\libgcc.a(_copy_data.o)
 .data          0x008000c8        0x0 e:/imt/tools/imt_sdk_win_64/winavr/bin/../lib/gcc/avr/4.3.3/avr5\libgcc.a(_clear_bss.o)
 .data          0x008000c8        0x0 e:/imt/tools/imt_sdk_win_64/winavr/bin/../lib/gcc/avr/4.3.3/avr5\libgcc.a(_fixunssfsi.o)
 .data          0x008000c8        0x0 e:/imt/tools/imt_sdk_win_64/winavr/bin/../lib/gcc/avr/4.3.3/avr5\libgcc.a(_addsub_sf.o)
 .data          0x008000c8        0x0 e:/imt/tools/imt_sdk_win_64/winavr/bin/../lib/gcc/avr/4.3.3/avr5\libgcc.a(_mul_sf.o)
 .data          0x008000c8        0x0 e:/imt/tools/imt_sdk_win_64/winavr/bin/../lib/gcc/avr/4.3.3/avr5\libgcc.a(_div_sf.o)
 .data          0x008000c8        0x0 e:/imt/tools/imt_sdk_win_64/winavr/bin/../lib/gcc/avr/4.3.3/avr5\libgcc.a(_gt_sf.o)
 .data          0x008000c8        0x0 e:/imt/tools/imt_sdk_win_64/winavr/bin/../lib/gcc/avr/4.3.3/avr5\libgcc.a(_ge_sf.o)
 .data          0x008000c8        0x0 e:/imt/tools/imt_sdk_win_64/winavr/bin/../lib/gcc/avr/4.3.3/avr5\libgcc.a(_lt_sf.o)
 .data          0x008000c8        0x0 e:/imt/tools/imt_sdk_win_64/winavr/bin/../lib/gcc/avr/4.3.3/avr5\libgcc.a(_si_to_sf.o)
 .data          0x008000c8        0x0 e:/imt/tools/imt_sdk_win_64/winavr/bin/../lib/gcc/avr/4.3.3/avr5\libgcc.a(_sf_to_si.o)
 .data          0x008000c8        0x8 e:/imt/tools/imt_sdk_win_64/winavr/bin/../lib/gcc/avr/4.3.3/avr5\libgcc.a(_thenan_sf.o)
                0x008000c8                __thenan_sf
 .data          0x008000d0        0x0 e:/imt/tools/imt_sdk_win_64/winavr/bin/../lib/gcc/avr/4.3.3/avr5\libgcc.a(_usi_to_sf.o)
 .data          0x008000d0        0x0 e:/imt/tools/imt_sdk_win_64/winavr/bin/../lib/gcc/avr/4.3.3/avr5\libgcc.a(_prologue.o)
 .data          0x008000d0        0x0 e:/imt/tools/imt_sdk_win_64/winavr/bin/../lib/gcc/avr/4.3.3/avr5\libgcc.a(_epilogue.o)
 .data          0x008000d0        0x0 e:/imt/tools/imt_sdk_win_64/winavr/bin/../lib/gcc/avr/4.3.3/avr5\libgcc.a(_clzsi2.o)
 .data          0x008000d0        0x0 e:/imt/tools/imt_sdk_win_64/winavr/bin/../lib/gcc/avr/4.3.3/avr5\libgcc.a(_pack_sf.o)
 .data          0x008000d0        0x0 e:/imt/tools/imt_sdk_win_64/winavr/bin/../lib/gcc/avr/4.3.3/avr5\libgcc.a(_unpack_sf.o)
 .data          0x008000d0        0x0 e:/imt/tools/imt_sdk_win_64/winavr/bin/../lib/gcc/avr/4.3.3/avr5\libgcc.a(_fpcmp_parts_sf.o)
 .data          0x008000d0      0x100 e:/imt/tools/imt_sdk_win_64/winavr/bin/../lib/gcc/avr/4.3.3/avr5\libgcc.a(_clz.o)
                0x008000d0                __clz_tab
 *(.data*)
 .data.SwitchValue
                0x008001d0       0x10 ./HAL/KEYPAD/KEYPAD.o
                0x008001d0                SwitchValue
 *(.rodata)
 *(.rodata*)
 *(.gnu.linkonce.d*)
                0x008001e0                . = ALIGN (0x2)
                0x008001e0                _edata = .
                0x008001e0                PROVIDE (__data_end, .)

.bss            0x008001e0       0x4a
                0x008001e0                PROVIDE (__bss_start, .)
 *(.bss)
 .bss           0x008001e0        0x0 e:/imt/tools/imt_sdk_win_64/winavr/bin/../lib/gcc/avr/4.3.3/../../../../avr/lib/avr5/crtm32.o
 .bss           0x008001e0        0x0 ./RTOS/RTOS.o
 .bss           0x008001e0        0x0 ./MCAL/WDT/WDT.o
 .bss           0x008001e0        0x0 ./MCAL/UART/UART.o
 .bss           0x008001e0        0x0 ./MCAL/TWI/TWI.o
 .bss           0x008001e0        0x0 ./MCAL/TIMER2/TIMER2.o
 .bss           0x008001e0        0x0 ./MCAL/TIMER1/TIMER1.o
 .bss           0x008001e0        0x0 ./MCAL/TIMER0/TIMER0.o
 .bss           0x008001e0        0x0 ./MCAL/SPI/SPI.o
 .bss           0x008001e0        0x0 ./MCAL/ICU/ICU.o
 .bss           0x008001e0        0x0 ./MCAL/GI/GI.o
 .bss           0x008001e0        0x0 ./MCAL/EXT_INT/EXT_INT.o
 .bss           0x008001e0        0x0 ./MCAL/DIO/DIO_Program.o
 .bss           0x008001e0        0x0 ./MCAL/ADC/ADC.o
 .bss           0x008001e0        0x0 ./HAL/TEMP_SENSOR/TEMP_SENSOR.o
 .bss           0x008001e0        0x0 ./HAL/SWITCH/SWITCH.o
 .bss           0x008001e0        0x0 ./HAL/STEPPER_MOTOR/STEPPER_MOTOR.o
 .bss           0x008001e0        0x0 ./HAL/SEV_SEG/SEV_SEG.o
 .bss           0x008001e0        0x0 ./HAL/LED/LED.o
 .bss           0x008001e0        0x0 ./HAL/LDR/LDR.o
 .bss           0x008001e0        0x0 ./HAL/LCD/LCD.o
 .bss           0x008001e0        0x0 ./HAL/KEYPAD/KEYPAD.o
 .bss           0x008001e0        0x0 ./HAL/EEPROM/EEPROM.o
 .bss           0x008001e0        0x0 ./HAL/DC_MOTOR/DC_MOTOR.o
 .bss           0x008001e0        0x0 ./APP/Simple_Calculator/Simple_Calculator.o
 .bss           0x008001e0        0x0 ./APP/Name_Wave/Name_Wave.o
 .bss           0x008001e0        0x0 ./APP/LED_Animations/LED_Animations.o
 .bss           0x008001e0        0x0 ./APP/DC_MOTOR_Rotaions/DC_MOTOR_Rotaions.o
 .bss           0x008001e0        0x0 ./main.o
 .bss           0x008001e0        0x0 e:/imt/tools/imt_sdk_win_64/winavr/bin/../lib/gcc/avr/4.3.3/avr5\libgcc.a(_mulsi3.o)
 .bss           0x008001e0        0x0 e:/imt/tools/imt_sdk_win_64/winavr/bin/../lib/gcc/avr/4.3.3/avr5\libgcc.a(_udivmodqi4.o)
 .bss           0x008001e0        0x0 e:/imt/tools/imt_sdk_win_64/winavr/bin/../lib/gcc/avr/4.3.3/avr5\libgcc.a(_udivmodhi4.o)
 .bss           0x008001e0        0x0 e:/imt/tools/imt_sdk_win_64/winavr/bin/../lib/gcc/avr/4.3.3/avr5\libgcc.a(_udivmodsi4.o)
 .bss           0x008001e0        0x0 e:/imt/tools/imt_sdk_win_64/winavr/bin/../lib/gcc/avr/4.3.3/avr5\libgcc.a(_exit.o)
 .bss           0x008001e0        0x0 e:/imt/tools/imt_sdk_win_64/winavr/bin/../lib/gcc/avr/4.3.3/avr5\libgcc.a(_copy_data.o)
 .bss           0x008001e0        0x0 e:/imt/tools/imt_sdk_win_64/winavr/bin/../lib/gcc/avr/4.3.3/avr5\libgcc.a(_clear_bss.o)
 .bss           0x008001e0        0x0 e:/imt/tools/imt_sdk_win_64/winavr/bin/../lib/gcc/avr/4.3.3/avr5\libgcc.a(_fixunssfsi.o)
 .bss           0x008001e0        0x0 e:/imt/tools/imt_sdk_win_64/winavr/bin/../lib/gcc/avr/4.3.3/avr5\libgcc.a(_addsub_sf.o)
 .bss           0x008001e0        0x0 e:/imt/tools/imt_sdk_win_64/winavr/bin/../lib/gcc/avr/4.3.3/avr5\libgcc.a(_mul_sf.o)
 .bss           0x008001e0        0x0 e:/imt/tools/imt_sdk_win_64/winavr/bin/../lib/gcc/avr/4.3.3/avr5\libgcc.a(_div_sf.o)
 .bss           0x008001e0        0x0 e:/imt/tools/imt_sdk_win_64/winavr/bin/../lib/gcc/avr/4.3.3/avr5\libgcc.a(_gt_sf.o)
 .bss           0x008001e0        0x0 e:/imt/tools/imt_sdk_win_64/winavr/bin/../lib/gcc/avr/4.3.3/avr5\libgcc.a(_ge_sf.o)
 .bss           0x008001e0        0x0 e:/imt/tools/imt_sdk_win_64/winavr/bin/../lib/gcc/avr/4.3.3/avr5\libgcc.a(_lt_sf.o)
 .bss           0x008001e0        0x0 e:/imt/tools/imt_sdk_win_64/winavr/bin/../lib/gcc/avr/4.3.3/avr5\libgcc.a(_si_to_sf.o)
 .bss           0x008001e0        0x0 e:/imt/tools/imt_sdk_win_64/winavr/bin/../lib/gcc/avr/4.3.3/avr5\libgcc.a(_sf_to_si.o)
 .bss           0x008001e0        0x0 e:/imt/tools/imt_sdk_win_64/winavr/bin/../lib/gcc/avr/4.3.3/avr5\libgcc.a(_thenan_sf.o)
 .bss           0x008001e0        0x0 e:/imt/tools/imt_sdk_win_64/winavr/bin/../lib/gcc/avr/4.3.3/avr5\libgcc.a(_usi_to_sf.o)
 .bss           0x008001e0        0x0 e:/imt/tools/imt_sdk_win_64/winavr/bin/../lib/gcc/avr/4.3.3/avr5\libgcc.a(_prologue.o)
 .bss           0x008001e0        0x0 e:/imt/tools/imt_sdk_win_64/winavr/bin/../lib/gcc/avr/4.3.3/avr5\libgcc.a(_epilogue.o)
 .bss           0x008001e0        0x0 e:/imt/tools/imt_sdk_win_64/winavr/bin/../lib/gcc/avr/4.3.3/avr5\libgcc.a(_clzsi2.o)
 .bss           0x008001e0        0x0 e:/imt/tools/imt_sdk_win_64/winavr/bin/../lib/gcc/avr/4.3.3/avr5\libgcc.a(_pack_sf.o)
 .bss           0x008001e0        0x0 e:/imt/tools/imt_sdk_win_64/winavr/bin/../lib/gcc/avr/4.3.3/avr5\libgcc.a(_unpack_sf.o)
 .bss           0x008001e0        0x0 e:/imt/tools/imt_sdk_win_64/winavr/bin/../lib/gcc/avr/4.3.3/avr5\libgcc.a(_fpcmp_parts_sf.o)
 .bss           0x008001e0        0x0 e:/imt/tools/imt_sdk_win_64/winavr/bin/../lib/gcc/avr/4.3.3/avr5\libgcc.a(_clz.o)
 *(.bss*)
 .bss.TIMER2_Num_Of_Overflows
                0x008001e0        0x4 ./MCAL/TIMER2/TIMER2.o
                0x008001e0                TIMER2_Num_Of_Overflows
 .bss.TIMER2_Pre_load_Value
                0x008001e4        0x4 ./MCAL/TIMER2/TIMER2.o
                0x008001e4                TIMER2_Pre_load_Value
 .bss.TIMER0_Num_Of_Overflows
                0x008001e8        0x4 ./MCAL/TIMER0/TIMER0.o
                0x008001e8                TIMER0_Num_Of_Overflows
 .bss.TIMER0_Pre_load_Value
                0x008001ec        0x4 ./MCAL/TIMER0/TIMER0.o
                0x008001ec                TIMER0_Pre_load_Value
 .bss.counter.1359
                0x008001f0        0x4 ./MCAL/TIMER0/TIMER0.o
 .bss.counter.1346
                0x008001f4        0x4 ./MCAL/TIMER0/TIMER0.o
 .bss.period_ticks
                0x008001f8        0x2 ./MCAL/ICU/ICU.o
                0x008001f8                period_ticks
 .bss.C2_ticks  0x008001fa        0x2 ./MCAL/ICU/ICU.o
                0x008001fa                C2_ticks
 .bss.C3_ticks  0x008001fc        0x2 ./MCAL/ICU/ICU.o
                0x008001fc                C3_ticks
 .bss.C4_ticks  0x008001fe        0x2 ./MCAL/ICU/ICU.o
                0x008001fe                C4_ticks
 .bss.TON       0x00800200        0x2 ./MCAL/ICU/ICU.o
                0x00800200                TON
 .bss.TOFF      0x00800202        0x2 ./MCAL/ICU/ICU.o
                0x00800202                TOFF
 .bss.counter.1252
                0x00800204        0x1 ./MCAL/ICU/ICU.o
 .bss.EXT1_PF   0x00800205        0x2 ./MCAL/EXT_INT/EXT_INT.o
                0x00800205                EXT1_PF
 .bss.EXT0_PF   0x00800207        0x2 ./MCAL/EXT_INT/EXT_INT.o
                0x00800207                EXT0_PF
 .bss.EXT2_PF   0x00800209        0x2 ./MCAL/EXT_INT/EXT_INT.o
                0x00800209                EXT2_PF
 .bss.counter   0x0080020b        0x1 ./main.o
                0x0080020b                counter
 *(COMMON)
 COMMON         0x0080020c       0x1c ./RTOS/RTOS.o
                0x0080020c                ArrOfTasks
 COMMON         0x00800228        0x2 ./MCAL/TIMER0/TIMER0.o
                0x00800228                TIMER0_CALL_BACK_PF
                0x0080022a                PROVIDE (__bss_end, .)
                0x00003a0a                __data_load_start = LOADADDR (.data)
                0x00003b8a                __data_load_end = (__data_load_start + SIZEOF (.data))

.noinit         0x0080022a        0x0
                0x0080022a                PROVIDE (__noinit_start, .)
 *(.noinit*)
                0x0080022a                PROVIDE (__noinit_end, .)
                0x0080022a                _end = .
                0x0080022a                PROVIDE (__heap_start, .)

.eeprom         0x00810000        0x0
 *(.eeprom*)
                0x00810000                __eeprom_end = .

.fuse
 *(.fuse)
 *(.lfuse)
 *(.hfuse)
 *(.efuse)

.lock
 *(.lock*)

.signature
 *(.signature*)

.stab
 *(.stab)

.stabstr
 *(.stabstr)

.stab.excl
 *(.stab.excl)

.stab.exclstr
 *(.stab.exclstr)

.stab.index
 *(.stab.index)

.stab.indexstr
 *(.stab.indexstr)

.comment
 *(.comment)

.debug
 *(.debug)

.line
 *(.line)

.debug_srcinfo
 *(.debug_srcinfo)

.debug_sfnames
 *(.debug_sfnames)

.debug_aranges  0x00000000      0x1c0
 *(.debug_aranges)
 .debug_aranges
                0x00000000       0x20 e:/imt/tools/imt_sdk_win_64/winavr/bin/../lib/gcc/avr/4.3.3/avr5\libgcc.a(_fixunssfsi.o)
 .debug_aranges
                0x00000020       0x20 e:/imt/tools/imt_sdk_win_64/winavr/bin/../lib/gcc/avr/4.3.3/avr5\libgcc.a(_addsub_sf.o)
 .debug_aranges
                0x00000040       0x20 e:/imt/tools/imt_sdk_win_64/winavr/bin/../lib/gcc/avr/4.3.3/avr5\libgcc.a(_mul_sf.o)
 .debug_aranges
                0x00000060       0x20 e:/imt/tools/imt_sdk_win_64/winavr/bin/../lib/gcc/avr/4.3.3/avr5\libgcc.a(_div_sf.o)
 .debug_aranges
                0x00000080       0x20 e:/imt/tools/imt_sdk_win_64/winavr/bin/../lib/gcc/avr/4.3.3/avr5\libgcc.a(_gt_sf.o)
 .debug_aranges
                0x000000a0       0x20 e:/imt/tools/imt_sdk_win_64/winavr/bin/../lib/gcc/avr/4.3.3/avr5\libgcc.a(_ge_sf.o)
 .debug_aranges
                0x000000c0       0x20 e:/imt/tools/imt_sdk_win_64/winavr/bin/../lib/gcc/avr/4.3.3/avr5\libgcc.a(_lt_sf.o)
 .debug_aranges
                0x000000e0       0x20 e:/imt/tools/imt_sdk_win_64/winavr/bin/../lib/gcc/avr/4.3.3/avr5\libgcc.a(_si_to_sf.o)
 .debug_aranges
                0x00000100       0x20 e:/imt/tools/imt_sdk_win_64/winavr/bin/../lib/gcc/avr/4.3.3/avr5\libgcc.a(_sf_to_si.o)
 .debug_aranges
                0x00000120       0x20 e:/imt/tools/imt_sdk_win_64/winavr/bin/../lib/gcc/avr/4.3.3/avr5\libgcc.a(_usi_to_sf.o)
 .debug_aranges
                0x00000140       0x20 e:/imt/tools/imt_sdk_win_64/winavr/bin/../lib/gcc/avr/4.3.3/avr5\libgcc.a(_clzsi2.o)
 .debug_aranges
                0x00000160       0x20 e:/imt/tools/imt_sdk_win_64/winavr/bin/../lib/gcc/avr/4.3.3/avr5\libgcc.a(_pack_sf.o)
 .debug_aranges
                0x00000180       0x20 e:/imt/tools/imt_sdk_win_64/winavr/bin/../lib/gcc/avr/4.3.3/avr5\libgcc.a(_unpack_sf.o)
 .debug_aranges
                0x000001a0       0x20 e:/imt/tools/imt_sdk_win_64/winavr/bin/../lib/gcc/avr/4.3.3/avr5\libgcc.a(_fpcmp_parts_sf.o)

.debug_pubnames
                0x00000000      0x214
 *(.debug_pubnames)
 .debug_pubnames
                0x00000000       0x23 e:/imt/tools/imt_sdk_win_64/winavr/bin/../lib/gcc/avr/4.3.3/avr5\libgcc.a(_fixunssfsi.o)
 .debug_pubnames
                0x00000023       0x2c e:/imt/tools/imt_sdk_win_64/winavr/bin/../lib/gcc/avr/4.3.3/avr5\libgcc.a(_addsub_sf.o)
 .debug_pubnames
                0x0000004f       0x1f e:/imt/tools/imt_sdk_win_64/winavr/bin/../lib/gcc/avr/4.3.3/avr5\libgcc.a(_mul_sf.o)
 .debug_pubnames
                0x0000006e       0x1f e:/imt/tools/imt_sdk_win_64/winavr/bin/../lib/gcc/avr/4.3.3/avr5\libgcc.a(_div_sf.o)
 .debug_pubnames
                0x0000008d       0x1e e:/imt/tools/imt_sdk_win_64/winavr/bin/../lib/gcc/avr/4.3.3/avr5\libgcc.a(_gt_sf.o)
 .debug_pubnames
                0x000000ab       0x1e e:/imt/tools/imt_sdk_win_64/winavr/bin/../lib/gcc/avr/4.3.3/avr5\libgcc.a(_ge_sf.o)
 .debug_pubnames
                0x000000c9       0x1e e:/imt/tools/imt_sdk_win_64/winavr/bin/../lib/gcc/avr/4.3.3/avr5\libgcc.a(_lt_sf.o)
 .debug_pubnames
                0x000000e7       0x22 e:/imt/tools/imt_sdk_win_64/winavr/bin/../lib/gcc/avr/4.3.3/avr5\libgcc.a(_si_to_sf.o)
 .debug_pubnames
                0x00000109       0x20 e:/imt/tools/imt_sdk_win_64/winavr/bin/../lib/gcc/avr/4.3.3/avr5\libgcc.a(_sf_to_si.o)
 .debug_pubnames
                0x00000129       0x22 e:/imt/tools/imt_sdk_win_64/winavr/bin/../lib/gcc/avr/4.3.3/avr5\libgcc.a(_thenan_sf.o)
 .debug_pubnames
                0x0000014b       0x24 e:/imt/tools/imt_sdk_win_64/winavr/bin/../lib/gcc/avr/4.3.3/avr5\libgcc.a(_usi_to_sf.o)
 .debug_pubnames
                0x0000016f       0x1f e:/imt/tools/imt_sdk_win_64/winavr/bin/../lib/gcc/avr/4.3.3/avr5\libgcc.a(_clzsi2.o)
 .debug_pubnames
                0x0000018e       0x1f e:/imt/tools/imt_sdk_win_64/winavr/bin/../lib/gcc/avr/4.3.3/avr5\libgcc.a(_pack_sf.o)
 .debug_pubnames
                0x000001ad       0x21 e:/imt/tools/imt_sdk_win_64/winavr/bin/../lib/gcc/avr/4.3.3/avr5\libgcc.a(_unpack_sf.o)
 .debug_pubnames
                0x000001ce       0x26 e:/imt/tools/imt_sdk_win_64/winavr/bin/../lib/gcc/avr/4.3.3/avr5\libgcc.a(_fpcmp_parts_sf.o)
 .debug_pubnames
                0x000001f4       0x20 e:/imt/tools/imt_sdk_win_64/winavr/bin/../lib/gcc/avr/4.3.3/avr5\libgcc.a(_clz.o)

.debug_info     0x00000000     0x2612
 *(.debug_info)
 .debug_info    0x00000000       0xb1 e:/imt/tools/imt_sdk_win_64/winavr/bin/../lib/gcc/avr/4.3.3/avr5\libgcc.a(_fixunssfsi.o)
 .debug_info    0x000000b1      0x47a e:/imt/tools/imt_sdk_win_64/winavr/bin/../lib/gcc/avr/4.3.3/avr5\libgcc.a(_addsub_sf.o)
 .debug_info    0x0000052b      0x485 e:/imt/tools/imt_sdk_win_64/winavr/bin/../lib/gcc/avr/4.3.3/avr5\libgcc.a(_mul_sf.o)
 .debug_info    0x000009b0      0x3fc e:/imt/tools/imt_sdk_win_64/winavr/bin/../lib/gcc/avr/4.3.3/avr5\libgcc.a(_div_sf.o)
 .debug_info    0x00000dac      0x27f e:/imt/tools/imt_sdk_win_64/winavr/bin/../lib/gcc/avr/4.3.3/avr5\libgcc.a(_gt_sf.o)
 .debug_info    0x0000102b      0x27f e:/imt/tools/imt_sdk_win_64/winavr/bin/../lib/gcc/avr/4.3.3/avr5\libgcc.a(_ge_sf.o)
 .debug_info    0x000012aa      0x27f e:/imt/tools/imt_sdk_win_64/winavr/bin/../lib/gcc/avr/4.3.3/avr5\libgcc.a(_lt_sf.o)
 .debug_info    0x00001529      0x207 e:/imt/tools/imt_sdk_win_64/winavr/bin/../lib/gcc/avr/4.3.3/avr5\libgcc.a(_si_to_sf.o)
 .debug_info    0x00001730      0x2b0 e:/imt/tools/imt_sdk_win_64/winavr/bin/../lib/gcc/avr/4.3.3/avr5\libgcc.a(_sf_to_si.o)
 .debug_info    0x000019e0      0x12c e:/imt/tools/imt_sdk_win_64/winavr/bin/../lib/gcc/avr/4.3.3/avr5\libgcc.a(_thenan_sf.o)
 .debug_info    0x00001b0c      0x206 e:/imt/tools/imt_sdk_win_64/winavr/bin/../lib/gcc/avr/4.3.3/avr5\libgcc.a(_usi_to_sf.o)
 .debug_info    0x00001d12      0x117 e:/imt/tools/imt_sdk_win_64/winavr/bin/../lib/gcc/avr/4.3.3/avr5\libgcc.a(_clzsi2.o)
 .debug_info    0x00001e29      0x2df e:/imt/tools/imt_sdk_win_64/winavr/bin/../lib/gcc/avr/4.3.3/avr5\libgcc.a(_pack_sf.o)
 .debug_info    0x00002108      0x251 e:/imt/tools/imt_sdk_win_64/winavr/bin/../lib/gcc/avr/4.3.3/avr5\libgcc.a(_unpack_sf.o)
 .debug_info    0x00002359      0x210 e:/imt/tools/imt_sdk_win_64/winavr/bin/../lib/gcc/avr/4.3.3/avr5\libgcc.a(_fpcmp_parts_sf.o)
 .debug_info    0x00002569       0xa9 e:/imt/tools/imt_sdk_win_64/winavr/bin/../lib/gcc/avr/4.3.3/avr5\libgcc.a(_clz.o)
 *(.gnu.linkonce.wi.*)

.debug_abbrev   0x00000000     0x14ce
 *(.debug_abbrev)
 .debug_abbrev  0x00000000       0x5d e:/imt/tools/imt_sdk_win_64/winavr/bin/../lib/gcc/avr/4.3.3/avr5\libgcc.a(_fixunssfsi.o)
 .debug_abbrev  0x0000005d      0x1ea e:/imt/tools/imt_sdk_win_64/winavr/bin/../lib/gcc/avr/4.3.3/avr5\libgcc.a(_addsub_sf.o)
 .debug_abbrev  0x00000247      0x21b e:/imt/tools/imt_sdk_win_64/winavr/bin/../lib/gcc/avr/4.3.3/avr5\libgcc.a(_mul_sf.o)
 .debug_abbrev  0x00000462      0x216 e:/imt/tools/imt_sdk_win_64/winavr/bin/../lib/gcc/avr/4.3.3/avr5\libgcc.a(_div_sf.o)
 .debug_abbrev  0x00000678      0x15a e:/imt/tools/imt_sdk_win_64/winavr/bin/../lib/gcc/avr/4.3.3/avr5\libgcc.a(_gt_sf.o)
 .debug_abbrev  0x000007d2      0x15a e:/imt/tools/imt_sdk_win_64/winavr/bin/../lib/gcc/avr/4.3.3/avr5\libgcc.a(_ge_sf.o)
 .debug_abbrev  0x0000092c      0x15a e:/imt/tools/imt_sdk_win_64/winavr/bin/../lib/gcc/avr/4.3.3/avr5\libgcc.a(_lt_sf.o)
 .debug_abbrev  0x00000a86      0x148 e:/imt/tools/imt_sdk_win_64/winavr/bin/../lib/gcc/avr/4.3.3/avr5\libgcc.a(_si_to_sf.o)
 .debug_abbrev  0x00000bce      0x17f e:/imt/tools/imt_sdk_win_64/winavr/bin/../lib/gcc/avr/4.3.3/avr5\libgcc.a(_sf_to_si.o)
 .debug_abbrev  0x00000d4d       0xad e:/imt/tools/imt_sdk_win_64/winavr/bin/../lib/gcc/avr/4.3.3/avr5\libgcc.a(_thenan_sf.o)
 .debug_abbrev  0x00000dfa      0x157 e:/imt/tools/imt_sdk_win_64/winavr/bin/../lib/gcc/avr/4.3.3/avr5\libgcc.a(_usi_to_sf.o)
 .debug_abbrev  0x00000f51       0xc4 e:/imt/tools/imt_sdk_win_64/winavr/bin/../lib/gcc/avr/4.3.3/avr5\libgcc.a(_clzsi2.o)
 .debug_abbrev  0x00001015      0x1c0 e:/imt/tools/imt_sdk_win_64/winavr/bin/../lib/gcc/avr/4.3.3/avr5\libgcc.a(_pack_sf.o)
 .debug_abbrev  0x000011d5      0x154 e:/imt/tools/imt_sdk_win_64/winavr/bin/../lib/gcc/avr/4.3.3/avr5\libgcc.a(_unpack_sf.o)
 .debug_abbrev  0x00001329      0x13b e:/imt/tools/imt_sdk_win_64/winavr/bin/../lib/gcc/avr/4.3.3/avr5\libgcc.a(_fpcmp_parts_sf.o)
 .debug_abbrev  0x00001464       0x6a e:/imt/tools/imt_sdk_win_64/winavr/bin/../lib/gcc/avr/4.3.3/avr5\libgcc.a(_clz.o)

.debug_line     0x00000000     0x130b
 *(.debug_line)
 .debug_line    0x00000000       0xa7 e:/imt/tools/imt_sdk_win_64/winavr/bin/../lib/gcc/avr/4.3.3/avr5\libgcc.a(_fixunssfsi.o)
 .debug_line    0x000000a7      0x2af e:/imt/tools/imt_sdk_win_64/winavr/bin/../lib/gcc/avr/4.3.3/avr5\libgcc.a(_addsub_sf.o)
 .debug_line    0x00000356      0x239 e:/imt/tools/imt_sdk_win_64/winavr/bin/../lib/gcc/avr/4.3.3/avr5\libgcc.a(_mul_sf.o)
 .debug_line    0x0000058f      0x1d5 e:/imt/tools/imt_sdk_win_64/winavr/bin/../lib/gcc/avr/4.3.3/avr5\libgcc.a(_div_sf.o)
 .debug_line    0x00000764       0xd3 e:/imt/tools/imt_sdk_win_64/winavr/bin/../lib/gcc/avr/4.3.3/avr5\libgcc.a(_gt_sf.o)
 .debug_line    0x00000837       0xd3 e:/imt/tools/imt_sdk_win_64/winavr/bin/../lib/gcc/avr/4.3.3/avr5\libgcc.a(_ge_sf.o)
 .debug_line    0x0000090a       0xd3 e:/imt/tools/imt_sdk_win_64/winavr/bin/../lib/gcc/avr/4.3.3/avr5\libgcc.a(_lt_sf.o)
 .debug_line    0x000009dd      0x135 e:/imt/tools/imt_sdk_win_64/winavr/bin/../lib/gcc/avr/4.3.3/avr5\libgcc.a(_si_to_sf.o)
 .debug_line    0x00000b12      0x109 e:/imt/tools/imt_sdk_win_64/winavr/bin/../lib/gcc/avr/4.3.3/avr5\libgcc.a(_sf_to_si.o)
 .debug_line    0x00000c1b       0x90 e:/imt/tools/imt_sdk_win_64/winavr/bin/../lib/gcc/avr/4.3.3/avr5\libgcc.a(_thenan_sf.o)
 .debug_line    0x00000cab      0x133 e:/imt/tools/imt_sdk_win_64/winavr/bin/../lib/gcc/avr/4.3.3/avr5\libgcc.a(_usi_to_sf.o)
 .debug_line    0x00000dde       0xa5 e:/imt/tools/imt_sdk_win_64/winavr/bin/../lib/gcc/avr/4.3.3/avr5\libgcc.a(_clzsi2.o)
 .debug_line    0x00000e83      0x18a e:/imt/tools/imt_sdk_win_64/winavr/bin/../lib/gcc/avr/4.3.3/avr5\libgcc.a(_pack_sf.o)
 .debug_line    0x0000100d      0x14b e:/imt/tools/imt_sdk_win_64/winavr/bin/../lib/gcc/avr/4.3.3/avr5\libgcc.a(_unpack_sf.o)
 .debug_line    0x00001158      0x137 e:/imt/tools/imt_sdk_win_64/winavr/bin/../lib/gcc/avr/4.3.3/avr5\libgcc.a(_fpcmp_parts_sf.o)
 .debug_line    0x0000128f       0x7c e:/imt/tools/imt_sdk_win_64/winavr/bin/../lib/gcc/avr/4.3.3/avr5\libgcc.a(_clz.o)

.debug_frame    0x00000000      0x1e0
 *(.debug_frame)
 .debug_frame   0x00000000       0x20 e:/imt/tools/imt_sdk_win_64/winavr/bin/../lib/gcc/avr/4.3.3/avr5\libgcc.a(_fixunssfsi.o)
 .debug_frame   0x00000020       0x40 e:/imt/tools/imt_sdk_win_64/winavr/bin/../lib/gcc/avr/4.3.3/avr5\libgcc.a(_addsub_sf.o)
 .debug_frame   0x00000060       0x20 e:/imt/tools/imt_sdk_win_64/winavr/bin/../lib/gcc/avr/4.3.3/avr5\libgcc.a(_mul_sf.o)
 .debug_frame   0x00000080       0x20 e:/imt/tools/imt_sdk_win_64/winavr/bin/../lib/gcc/avr/4.3.3/avr5\libgcc.a(_div_sf.o)
 .debug_frame   0x000000a0       0x20 e:/imt/tools/imt_sdk_win_64/winavr/bin/../lib/gcc/avr/4.3.3/avr5\libgcc.a(_gt_sf.o)
 .debug_frame   0x000000c0       0x20 e:/imt/tools/imt_sdk_win_64/winavr/bin/../lib/gcc/avr/4.3.3/avr5\libgcc.a(_ge_sf.o)
 .debug_frame   0x000000e0       0x20 e:/imt/tools/imt_sdk_win_64/winavr/bin/../lib/gcc/avr/4.3.3/avr5\libgcc.a(_lt_sf.o)
 .debug_frame   0x00000100       0x20 e:/imt/tools/imt_sdk_win_64/winavr/bin/../lib/gcc/avr/4.3.3/avr5\libgcc.a(_si_to_sf.o)
 .debug_frame   0x00000120       0x20 e:/imt/tools/imt_sdk_win_64/winavr/bin/../lib/gcc/avr/4.3.3/avr5\libgcc.a(_sf_to_si.o)
 .debug_frame   0x00000140       0x20 e:/imt/tools/imt_sdk_win_64/winavr/bin/../lib/gcc/avr/4.3.3/avr5\libgcc.a(_usi_to_sf.o)
 .debug_frame   0x00000160       0x20 e:/imt/tools/imt_sdk_win_64/winavr/bin/../lib/gcc/avr/4.3.3/avr5\libgcc.a(_clzsi2.o)
 .debug_frame   0x00000180       0x20 e:/imt/tools/imt_sdk_win_64/winavr/bin/../lib/gcc/avr/4.3.3/avr5\libgcc.a(_pack_sf.o)
 .debug_frame   0x000001a0       0x20 e:/imt/tools/imt_sdk_win_64/winavr/bin/../lib/gcc/avr/4.3.3/avr5\libgcc.a(_unpack_sf.o)
 .debug_frame   0x000001c0       0x20 e:/imt/tools/imt_sdk_win_64/winavr/bin/../lib/gcc/avr/4.3.3/avr5\libgcc.a(_fpcmp_parts_sf.o)

.debug_str      0x00000000      0x307
 *(.debug_str)
 .debug_str     0x00000000       0xbf e:/imt/tools/imt_sdk_win_64/winavr/bin/../lib/gcc/avr/4.3.3/avr5\libgcc.a(_fixunssfsi.o)
                                 0xfe (size before relaxing)
 .debug_str     0x000000bf      0x14d e:/imt/tools/imt_sdk_win_64/winavr/bin/../lib/gcc/avr/4.3.3/avr5\libgcc.a(_addsub_sf.o)
                                0x206 (size before relaxing)
 .debug_str     0x0000020c       0x27 e:/imt/tools/imt_sdk_win_64/winavr/bin/../lib/gcc/avr/4.3.3/avr5\libgcc.a(_mul_sf.o)
                                0x1bf (size before relaxing)
 .debug_str     0x00000233       0x35 e:/imt/tools/imt_sdk_win_64/winavr/bin/../lib/gcc/avr/4.3.3/avr5\libgcc.a(_div_sf.o)
                                0x1c8 (size before relaxing)
 .debug_str     0x00000268        0x8 e:/imt/tools/imt_sdk_win_64/winavr/bin/../lib/gcc/avr/4.3.3/avr5\libgcc.a(_gt_sf.o)
                                0x195 (size before relaxing)
 .debug_str     0x00000270        0x8 e:/imt/tools/imt_sdk_win_64/winavr/bin/../lib/gcc/avr/4.3.3/avr5\libgcc.a(_ge_sf.o)
                                0x195 (size before relaxing)
 .debug_str     0x00000278        0x8 e:/imt/tools/imt_sdk_win_64/winavr/bin/../lib/gcc/avr/4.3.3/avr5\libgcc.a(_lt_sf.o)
                                0x195 (size before relaxing)
 .debug_str     0x00000280       0x1e e:/imt/tools/imt_sdk_win_64/winavr/bin/../lib/gcc/avr/4.3.3/avr5\libgcc.a(_si_to_sf.o)
                                0x17b (size before relaxing)
 .debug_str     0x0000029e        0xa e:/imt/tools/imt_sdk_win_64/winavr/bin/../lib/gcc/avr/4.3.3/avr5\libgcc.a(_sf_to_si.o)
                                0x19e (size before relaxing)
 .debug_str     0x00000000      0x103 e:/imt/tools/imt_sdk_win_64/winavr/bin/../lib/gcc/avr/4.3.3/avr5\libgcc.a(_thenan_sf.o)
 .debug_str     0x000002a8       0x14 e:/imt/tools/imt_sdk_win_64/winavr/bin/../lib/gcc/avr/4.3.3/avr5\libgcc.a(_usi_to_sf.o)
                                0x177 (size before relaxing)
 .debug_str     0x000002bc       0x20 e:/imt/tools/imt_sdk_win_64/winavr/bin/../lib/gcc/avr/4.3.3/avr5\libgcc.a(_clzsi2.o)
                                0x111 (size before relaxing)
 .debug_str     0x000002dc       0x10 e:/imt/tools/imt_sdk_win_64/winavr/bin/../lib/gcc/avr/4.3.3/avr5\libgcc.a(_pack_sf.o)
                                0x19d (size before relaxing)
 .debug_str     0x000002ec        0xb e:/imt/tools/imt_sdk_win_64/winavr/bin/../lib/gcc/avr/4.3.3/avr5\libgcc.a(_unpack_sf.o)
                                0x17f (size before relaxing)
 .debug_str     0x000002f7       0x10 e:/imt/tools/imt_sdk_win_64/winavr/bin/../lib/gcc/avr/4.3.3/avr5\libgcc.a(_fpcmp_parts_sf.o)
                                0x163 (size before relaxing)
 .debug_str     0x00000000       0xf4 e:/imt/tools/imt_sdk_win_64/winavr/bin/../lib/gcc/avr/4.3.3/avr5\libgcc.a(_clz.o)

.debug_loc      0x00000000      0xa1a
 *(.debug_loc)
 .debug_loc     0x00000000       0x34 e:/imt/tools/imt_sdk_win_64/winavr/bin/../lib/gcc/avr/4.3.3/avr5\libgcc.a(_fixunssfsi.o)
 .debug_loc     0x00000034      0x32a e:/imt/tools/imt_sdk_win_64/winavr/bin/../lib/gcc/avr/4.3.3/avr5\libgcc.a(_addsub_sf.o)
 .debug_loc     0x0000035e      0x104 e:/imt/tools/imt_sdk_win_64/winavr/bin/../lib/gcc/avr/4.3.3/avr5\libgcc.a(_mul_sf.o)
 .debug_loc     0x00000462       0xc0 e:/imt/tools/imt_sdk_win_64/winavr/bin/../lib/gcc/avr/4.3.3/avr5\libgcc.a(_div_sf.o)
 .debug_loc     0x00000522       0x3c e:/imt/tools/imt_sdk_win_64/winavr/bin/../lib/gcc/avr/4.3.3/avr5\libgcc.a(_gt_sf.o)
 .debug_loc     0x0000055e       0x3c e:/imt/tools/imt_sdk_win_64/winavr/bin/../lib/gcc/avr/4.3.3/avr5\libgcc.a(_ge_sf.o)
 .debug_loc     0x0000059a       0x3c e:/imt/tools/imt_sdk_win_64/winavr/bin/../lib/gcc/avr/4.3.3/avr5\libgcc.a(_lt_sf.o)
 .debug_loc     0x000005d6       0xac e:/imt/tools/imt_sdk_win_64/winavr/bin/../lib/gcc/avr/4.3.3/avr5\libgcc.a(_si_to_sf.o)
 .debug_loc     0x00000682       0x7e e:/imt/tools/imt_sdk_win_64/winavr/bin/../lib/gcc/avr/4.3.3/avr5\libgcc.a(_sf_to_si.o)
 .debug_loc     0x00000700       0x4c e:/imt/tools/imt_sdk_win_64/winavr/bin/../lib/gcc/avr/4.3.3/avr5\libgcc.a(_usi_to_sf.o)
 .debug_loc     0x0000074c       0x94 e:/imt/tools/imt_sdk_win_64/winavr/bin/../lib/gcc/avr/4.3.3/avr5\libgcc.a(_clzsi2.o)
 .debug_loc     0x000007e0      0x13e e:/imt/tools/imt_sdk_win_64/winavr/bin/../lib/gcc/avr/4.3.3/avr5\libgcc.a(_pack_sf.o)
 .debug_loc     0x0000091e       0xac e:/imt/tools/imt_sdk_win_64/winavr/bin/../lib/gcc/avr/4.3.3/avr5\libgcc.a(_unpack_sf.o)
 .debug_loc     0x000009ca       0x50 e:/imt/tools/imt_sdk_win_64/winavr/bin/../lib/gcc/avr/4.3.3/avr5\libgcc.a(_fpcmp_parts_sf.o)

.debug_macinfo
 *(.debug_macinfo)
OUTPUT(Layered_Arch.elf elf32-avr)
LOAD linker stubs

.debug_ranges   0x00000000       0x50
 .debug_ranges  0x00000000       0x50 e:/imt/tools/imt_sdk_win_64/winavr/bin/../lib/gcc/avr/4.3.3/avr5\libgcc.a(_mul_sf.o)
